// Jest Snapshot v1, https://goo.gl/fbAQLP

exports[`Renders renderer component. 1`] = `
<div
  className="makeStyles-card-7 makeStyles-checklistCard-6"
>
  <div
    className="makeStyles-cardBody-22 makeStyles-cardBodyColor-28"
  >
    <h5
      className="makeStyles-cardCategorySocialWhite-4"
    >
      <svg
        aria-hidden="true"
        className="MuiSvgIcon-root"
        focusable="false"
        role="presentation"
        viewBox="0 0 24 24"
      >
        <path
          d="M19 5v14H5V5h14m1.1-2H3.9c-.5 0-.9.4-.9.9v16.2c0 .4.4.9.9.9h16.2c.4 0 .9-.5.9-.9V3.9c0-.5-.5-.9-.9-.9zM11 7h6v2h-6V7zm0 4h6v2h-6v-2zm0 4h6v2h-6zM7 7h2v2H7zm0 4h2v2H7zm0 4h2v2H7z"
        />
      </svg>
      Items for your packing list
    </h5>
    <h5
      className="makeStyles-cardTitleWhite-5"
    >
      <div
        className="MuiGrid-root makeStyles-grid-38  MuiGrid-container"
      >
        <div
          className="MuiGrid-root makeStyles-grid-142  MuiGrid-item MuiGrid-grid-xs-12 MuiGrid-grid-sm-6 MuiGrid-grid-md-6"
        >
          <ul
            className="makeStyles-ulCustom-1"
          >
            <li
              className="makeStyles-listSpacing-2"
            >
              Cool comfy clothing
            </li>
            <li
              className="makeStyles-listSpacing-2"
            >
              Phone
            </li>
            <li
              className="makeStyles-listSpacing-2"
            >
              Charger
            </li>
          </ul>
        </div>
        <div
          className="MuiGrid-root makeStyles-grid-142  MuiGrid-item MuiGrid-grid-xs-12 MuiGrid-grid-sm-6 MuiGrid-grid-md-6"
        >
          <ul
            className="makeStyles-ulCustom-1"
          >
            <li
              className="makeStyles-listSpacing-2"
            >
              Change of clothes
            </li>
            <li
              className="makeStyles-listSpacing-2"
            >
              Camera
            </li>
            <li
              className="makeStyles-listSpacing-2"
            >
              Swimwear for the pool
            </li>
          </ul>
        </div>
      </div>
    </h5>
  </div>
</div>
`;
