// Jest Snapshot v1, https://goo.gl/fbAQLP

exports[`New Password Form Snapshots Renders empty new password form 1`] = `
<div>
  <div>
    <header
      className="MuiPaper-root MuiAppBar-root MuiAppBar-positionFixed makeStyles-appBar-70 makeStyles-transparent-82 makeStyles-fixed-72 MuiAppBar-colorPrimary mui-fixed MuiPaper-elevation4"
    >
      <div
        className="MuiToolbar-root MuiToolbar-regular makeStyles-container-73 MuiToolbar-gutters"
      >
        <button
          className="MuiButtonBase-root MuiButton-root MuiButton-text makeStyles-title-74"
          disabled={false}
          onBlur={[Function]}
          onDragLeave={[Function]}
          onFocus={[Function]}
          onKeyDown={[Function]}
          onKeyUp={[Function]}
          onMouseDown={[Function]}
          onMouseLeave={[Function]}
          onMouseUp={[Function]}
          onTouchEnd={[Function]}
          onTouchMove={[Function]}
          onTouchStart={[Function]}
          tabIndex={0}
          type="button"
        >
          <span
            className="MuiButton-label"
          >
            <a
              href="/"
              onClick={[Function]}
            >
              <img
                alt="logo"
                className="makeStyles-logo-69"
                src="logo-white.png"
              />
            </a>
          </span>
          <span
            className="MuiTouchRipple-root"
          />
        </button>
        <div
          className="makeStyles-hidden-86 PrivateHiddenCss-smDown-168"
        >
          <div
            className="makeStyles-collapse-87"
          >
            <ul
              className="MuiList-root makeStyles-list-178 makeStyles-mlAuto-194 MuiList-padding"
            >
              <li
                className="MuiListItem-root makeStyles-listItem-179 MuiListItem-gutters"
                disabled={false}
              >
                <a
                  className="makeStyles-navLink-181"
                  href="/listideas"
                  onClick={[Function]}
                >
                  Gift List Ideas
                </a>
              </li>
              <li
                className="MuiListItem-root makeStyles-listItem-179 MuiListItem-gutters"
                disabled={false}
              >
                <a
                  className="makeStyles-navLink-181"
                  href="/login"
                  onClick={[Function]}
                >
                  Log In
                </a>
              </li>
              <li
                className="MuiListItem-root makeStyles-listItem-179 MuiListItem-gutters"
                disabled={false}
              >
                <a
                  className="makeStyles-navLink-181"
                  href="/signup"
                  onClick={[Function]}
                >
                  Sign Up
                </a>
              </li>
            </ul>
          </div>
        </div>
      </div>
    </header>
  </div>
  <div
    className="makeStyles-pageHeader-2"
    style={
      Object {
        "backgroundImage": "url(sheep-with-shoes.jpg)",
        "backgroundPosition": "top center",
        "backgroundSize": "cover",
      }
    }
  >
    <div
      className="makeStyles-container-1"
    >
      <div
        className="MuiGrid-root makeStyles-grid-210  MuiGrid-container MuiGrid-justify-xs-center"
      >
        <div
          className="MuiGrid-root makeStyles-grid-314  MuiGrid-item MuiGrid-grid-xs-12 MuiGrid-grid-sm-12 MuiGrid-grid-md-5"
        >
          <div
            className="makeStyles-card-315 makeStyles-cardSignup-3"
          >
            <h2
              className="makeStyles-cardTitle-4"
            >
              Confirmation Code
            </h2>
            <div
              className="makeStyles-cardBody-330"
            >
              <form
                className="makeStyles-form-35"
                onSubmit={[Function]}
              >
                <div
                  className="makeStyles-details-45"
                  id="confirmationMessage"
                >
                  <p
                    className="makeStyles-confirmMessageSpacing-46"
                  >
                    A confirmation code was sent to your email (
                    mock.user@gmail.com
                    ).
                  </p>
                </div>
                <div
                  className="MuiFormControl-root makeStyles-formControl-345 MuiFormControl-fullWidth"
                  onChange={[Function]}
                  value=""
                >
                  <div
                    className="MuiInputBase-root MuiInput-root MuiInput-underline makeStyles-underline-338 MuiInputBase-formControl MuiInput-formControl MuiInputBase-adornedStart"
                    onClick={[Function]}
                  >
                    <div
                      className="MuiInputAdornment-root makeStyles-inputAdornment-33 MuiInputAdornment-positionStart"
                    >
                      <span
                        aria-hidden={true}
                        className="material-icons MuiIcon-root makeStyles-inputAdornmentIcon-34"
                      >
                        lock_outline
                      </span>
                    </div>
                    <input
                      aria-invalid={false}
                      autoComplete="off"
                      className="MuiInputBase-input MuiInput-input makeStyles-input-347 MuiInputBase-inputAdornedStart"
                      disabled={false}
                      id="code"
                      onAnimationStart={[Function]}
                      onBlur={[Function]}
                      onChange={[Function]}
                      onFocus={[Function]}
                      placeholder="Confirmation Code..."
                      required={false}
                      type="text"
                    />
                  </div>
                </div>
                <div
                  className="makeStyles-details-45"
                >
                  <p
                    className="makeStyles-messageSpacing-47"
                  >
                    Enter your new password below:
                  </p>
                </div>
                <div
                  className="MuiFormControl-root makeStyles-formControl-345 MuiFormControl-fullWidth"
                  onChange={[Function]}
                  value=""
                >
                  <div
                    className="MuiInputBase-root MuiInput-root MuiInput-underline makeStyles-underline-338 MuiInputBase-formControl MuiInput-formControl MuiInputBase-adornedStart"
                    onClick={[Function]}
                  >
                    <div
                      className="MuiInputAdornment-root makeStyles-inputAdornment-33 MuiInputAdornment-positionStart"
                    >
                      <span
                        aria-hidden={true}
                        className="material-icons MuiIcon-root makeStyles-inputAdornmentIcon-34"
                      >
                        lock_outline
                      </span>
                    </div>
                    <input
                      aria-invalid={false}
                      autoComplete="off"
                      className="MuiInputBase-input MuiInput-input makeStyles-input-347 MuiInputBase-inputAdornedStart"
                      disabled={false}
                      id="password"
                      onAnimationStart={[Function]}
                      onBlur={[Function]}
                      onChange={[Function]}
                      onFocus={[Function]}
                      placeholder="New Password..."
                      required={false}
                      type="password"
                    />
                  </div>
                </div>
                <div
                  className="MuiFormControl-root makeStyles-formControl-345 MuiFormControl-fullWidth"
                  onChange={[Function]}
                  value=""
                >
                  <div
                    className="MuiInputBase-root MuiInput-root MuiInput-underline makeStyles-underline-338 MuiInputBase-formControl MuiInput-formControl MuiInputBase-adornedStart"
                    onClick={[Function]}
                  >
                    <div
                      className="MuiInputAdornment-root makeStyles-inputAdornment-33 MuiInputAdornment-positionStart"
                    >
                      <span
                        aria-hidden={true}
                        className="material-icons MuiIcon-root makeStyles-inputAdornmentIcon-34"
                      >
                        lock_outline
                      </span>
                    </div>
                    <input
                      aria-invalid={false}
                      autoComplete="off"
                      className="MuiInputBase-input MuiInput-input makeStyles-input-347 MuiInputBase-inputAdornedStart"
                      disabled={false}
                      id="confirmPassword"
                      onAnimationStart={[Function]}
                      onBlur={[Function]}
                      onChange={[Function]}
                      onFocus={[Function]}
                      placeholder="Confirm Password..."
                      required={false}
                      type="password"
                    />
                  </div>
                </div>
                <div
                  className="makeStyles-textCenter-32"
                >
                  <button
                    className="MuiButtonBase-root MuiButton-root MuiButton-text makeStyles-button-403 makeStyles-info-407 makeStyles-round-430 makeStyles-disabled-427"
                    disabled={false}
                    onBlur={[Function]}
                    onDragLeave={[Function]}
                    onFocus={[Function]}
                    onKeyDown={[Function]}
                    onKeyUp={[Function]}
                    onMouseDown={[Function]}
                    onMouseLeave={[Function]}
                    onMouseUp={[Function]}
                    onTouchEnd={[Function]}
                    onTouchMove={[Function]}
                    onTouchStart={[Function]}
                    tabIndex={0}
                    type="submit"
                  >
                    <span
                      className="MuiButton-label"
                    >
                      Verify
                    </span>
                    <span
                      className="MuiTouchRipple-root"
                    />
                  </button>
                </div>
              </form>
            </div>
          </div>
        </div>
      </div>
    </div>
    <footer
      className="makeStyles-footer-447 makeStyles-footer-441"
    >
      <div
        className="makeStyles-container-453"
      >
         
        <div>
          <div
            className="makeStyles-left-438"
          >
            <ul
              className="MuiList-root makeStyles-list-437 MuiList-padding"
            >
              <li
                className="MuiListItem-root makeStyles-inlineBlock-436 MuiListItem-gutters"
                disabled={false}
              >
                <a
                  className="makeStyles-block-435"
                  href="/"
                >
                  © 
                  2020
                   ewelists
                </a>
              </li>
              <li
                className="MuiListItem-root makeStyles-inlineBlock-436 MuiListItem-gutters"
                disabled={false}
              >
                <a
                  className="makeStyles-block-435"
                  href="/contact"
                >
                  Contact Us
                </a>
              </li>
              <li
                className="MuiListItem-root makeStyles-inlineBlock-436 MuiListItem-gutters"
                disabled={false}
              >
                <a
                  className="makeStyles-block-435"
                  href="/#about"
                >
                  About us
                </a>
              </li>
              <li
                className="MuiListItem-root makeStyles-inlineBlock-436 MuiListItem-gutters"
                disabled={false}
              >
                <a
                  className="makeStyles-block-435"
                  href="/privacy"
                >
                  Privacy
                </a>
              </li>
              <li
                className="MuiListItem-root makeStyles-inlineBlock-436 MuiListItem-gutters"
                disabled={false}
              >
                <a
                  className="makeStyles-block-435"
                  href="/terms"
                >
                  Terms
                </a>
              </li>
            </ul>
          </div>
          <div
            className="makeStyles-rightLinks-443"
          >
            <ul>
              <li>
                <a
                  aria-disabled={false}
                  className="MuiButtonBase-root MuiButton-root MuiButton-text makeStyles-button-403 makeStyles-simple-425 makeStyles-justIcon-433"
                  href="https://www.facebook.com/ewelists"
                  onBlur={[Function]}
                  onDragLeave={[Function]}
                  onFocus={[Function]}
                  onKeyDown={[Function]}
                  onKeyUp={[Function]}
                  onMouseDown={[Function]}
                  onMouseLeave={[Function]}
                  onMouseUp={[Function]}
                  onTouchEnd={[Function]}
                  onTouchMove={[Function]}
                  onTouchStart={[Function]}
                  tabIndex={0}
                  target="_blank"
                >
                  <span
                    className="MuiButton-label"
                  >
                    <i
                      className="fab fa-facebook"
                    />
                  </span>
                  <span
                    className="MuiTouchRipple-root"
                  />
                </a>
              </li>
              <li>
                <a
                  aria-disabled={false}
                  className="MuiButtonBase-root MuiButton-root MuiButton-text makeStyles-button-403 makeStyles-simple-425 makeStyles-justIcon-433"
                  href="https://twitter.com/ewelists"
                  onBlur={[Function]}
                  onDragLeave={[Function]}
                  onFocus={[Function]}
                  onKeyDown={[Function]}
                  onKeyUp={[Function]}
                  onMouseDown={[Function]}
                  onMouseLeave={[Function]}
                  onMouseUp={[Function]}
                  onTouchEnd={[Function]}
                  onTouchMove={[Function]}
                  onTouchStart={[Function]}
                  tabIndex={0}
                  target="_blank"
                >
                  <span
                    className="MuiButton-label"
                  >
                    <i
                      className="fab fa-twitter"
                    />
                  </span>
                  <span
                    className="MuiTouchRipple-root"
                  />
                </a>
              </li>
              <li>
                <a
                  aria-disabled={false}
                  className="MuiButtonBase-root MuiButton-root MuiButton-text makeStyles-button-403 makeStyles-simple-425 makeStyles-justIcon-433"
                  href="https://www.instagram.com/ewelists/"
                  onBlur={[Function]}
                  onDragLeave={[Function]}
                  onFocus={[Function]}
                  onKeyDown={[Function]}
                  onKeyUp={[Function]}
                  onMouseDown={[Function]}
                  onMouseLeave={[Function]}
                  onMouseUp={[Function]}
                  onTouchEnd={[Function]}
                  onTouchMove={[Function]}
                  onTouchStart={[Function]}
                  tabIndex={0}
                  target="_blank"
                >
                  <span
                    className="MuiButton-label"
                  >
                    <i
                      className="fab fa-instagram"
                    />
                  </span>
                  <span
                    className="MuiTouchRipple-root"
                  />
                </a>
              </li>
            </ul>
          </div>
        </div>
        <div
          className="makeStyles-clearFix-463"
        />
      </div>
    </footer>
  </div>
</div>
`;
