// Jest Snapshot v1, https://goo.gl/fbAQLP

exports[`renders error page 1`] = `
<div>
  <div>
    <header
      className="MuiPaper-root MuiAppBar-root MuiAppBar-positionFixed makeStyles-appBar-32 makeStyles-transparent-44 makeStyles-fixed-34 MuiAppBar-colorPrimary mui-fixed MuiPaper-elevation4"
    >
      <div
        className="MuiToolbar-root MuiToolbar-regular makeStyles-container-35 MuiToolbar-gutters"
      >
        <button
          className="MuiButtonBase-root MuiButton-root MuiButton-text makeStyles-title-36"
          disabled={false}
          onBlur={[Function]}
          onDragLeave={[Function]}
          onFocus={[Function]}
          onKeyDown={[Function]}
          onKeyUp={[Function]}
          onMouseDown={[Function]}
          onMouseLeave={[Function]}
          onMouseUp={[Function]}
          onTouchEnd={[Function]}
          onTouchMove={[Function]}
          onTouchStart={[Function]}
          tabIndex={0}
          type="button"
        >
          <span
            className="MuiButton-label"
          >
            <a
              href="/"
              onClick={[Function]}
            >
              <img
                alt="logo"
                className="makeStyles-logo-31"
                src="logo-white.png"
              />
            </a>
          </span>
          <span
            className="MuiTouchRipple-root"
          />
        </button>
        <div
          className="makeStyles-hidden-48 PrivateHiddenCss-smDown-130"
        >
          <div
            className="makeStyles-collapse-49"
          >
            <ul
              className="MuiList-root makeStyles-list-140 makeStyles-mlAuto-156 MuiList-padding"
            >
              <li
                className="MuiListItem-root makeStyles-listItem-141 MuiListItem-gutters"
                disabled={false}
              >
                <a
                  className="makeStyles-navLink-143"
                  href="/listideas"
                  onClick={[Function]}
                >
                  Gift List Ideas
                </a>
              </li>
              <li
                className="MuiListItem-root makeStyles-listItem-141 MuiListItem-gutters"
                disabled={false}
              >
                <a
                  className="makeStyles-navLink-143"
                  href="/login"
                  onClick={[Function]}
                >
                  Log In
                </a>
              </li>
              <li
                className="MuiListItem-root makeStyles-listItem-141 MuiListItem-gutters"
                disabled={false}
              >
                <a
                  className="makeStyles-navLink-143"
                  href="/signup"
                  onClick={[Function]}
                >
                  Sign Up
                </a>
              </li>
            </ul>
          </div>
        </div>
      </div>
    </header>
  </div>
  <div
    className="makeStyles-pageHeader-5"
    style={
      Object {
        "backgroundImage": "url(sheep-with-shoes.jpg)",
        "backgroundPosition": "top center",
        "backgroundSize": "cover",
      }
    }
  >
    <div
      className="makeStyles-contentCenter-1"
    >
      <div
        className="MuiGrid-root makeStyles-grid-172  MuiGrid-container"
      >
        <div
          className="MuiGrid-root makeStyles-grid-276  MuiGrid-item MuiGrid-grid-md-12"
        >
          <h1
            className="makeStyles-title-2"
          >
            Page not found
          </h1>
          <h2
            className="makeStyles-subTitle-3"
          >
            The page you are looking for does not exist.
          </h2>
          <a
            href="/"
          >
            Click to go back to the home page.
          </a>
        </div>
      </div>
    </div>
  </div>
  <footer
    className="makeStyles-footer-289 makeStyles-footer-283"
  >
    <div
      className="makeStyles-container-295"
    >
       
      <div>
        <div
          className="makeStyles-left-280"
        >
          <ul
            className="MuiList-root makeStyles-list-279 MuiList-padding"
          >
            <li
              className="MuiListItem-root makeStyles-inlineBlock-278 MuiListItem-gutters"
              disabled={false}
            >
              <a
                className="makeStyles-block-277"
                href="/"
              >
                © 
                2020
                 ewelists
              </a>
            </li>
            <li
              className="MuiListItem-root makeStyles-inlineBlock-278 MuiListItem-gutters"
              disabled={false}
            >
              <a
                className="makeStyles-block-277"
                href="/contact"
              >
                Contact Us
              </a>
            </li>
            <li
              className="MuiListItem-root makeStyles-inlineBlock-278 MuiListItem-gutters"
              disabled={false}
            >
              <a
                className="makeStyles-block-277"
                href="/#about"
              >
                About us
              </a>
            </li>
            <li
              className="MuiListItem-root makeStyles-inlineBlock-278 MuiListItem-gutters"
              disabled={false}
            >
              <a
                className="makeStyles-block-277"
                href="/privacy"
              >
                Privacy
              </a>
            </li>
            <li
              className="MuiListItem-root makeStyles-inlineBlock-278 MuiListItem-gutters"
              disabled={false}
            >
              <a
                className="makeStyles-block-277"
                href="/terms"
              >
                Terms
              </a>
            </li>
          </ul>
        </div>
        <div
          className="makeStyles-rightLinks-285"
        >
          <ul>
            <li>
              <a
                aria-disabled={false}
                className="MuiButtonBase-root MuiButton-root MuiButton-text makeStyles-button-306 makeStyles-simple-328 makeStyles-justIcon-336"
                href="https://www.facebook.com/ewelists"
                onBlur={[Function]}
                onDragLeave={[Function]}
                onFocus={[Function]}
                onKeyDown={[Function]}
                onKeyUp={[Function]}
                onMouseDown={[Function]}
                onMouseLeave={[Function]}
                onMouseUp={[Function]}
                onTouchEnd={[Function]}
                onTouchMove={[Function]}
                onTouchStart={[Function]}
                tabIndex={0}
                target="_blank"
              >
                <span
                  className="MuiButton-label"
                >
                  <i
                    className="fab fa-facebook"
                  />
                </span>
                <span
                  className="MuiTouchRipple-root"
                />
              </a>
            </li>
            <li>
              <a
                aria-disabled={false}
                className="MuiButtonBase-root MuiButton-root MuiButton-text makeStyles-button-306 makeStyles-simple-328 makeStyles-justIcon-336"
                href="https://twitter.com/ewelists"
                onBlur={[Function]}
                onDragLeave={[Function]}
                onFocus={[Function]}
                onKeyDown={[Function]}
                onKeyUp={[Function]}
                onMouseDown={[Function]}
                onMouseLeave={[Function]}
                onMouseUp={[Function]}
                onTouchEnd={[Function]}
                onTouchMove={[Function]}
                onTouchStart={[Function]}
                tabIndex={0}
                target="_blank"
              >
                <span
                  className="MuiButton-label"
                >
                  <i
                    className="fab fa-twitter"
                  />
                </span>
                <span
                  className="MuiTouchRipple-root"
                />
              </a>
            </li>
            <li>
              <a
                aria-disabled={false}
                className="MuiButtonBase-root MuiButton-root MuiButton-text makeStyles-button-306 makeStyles-simple-328 makeStyles-justIcon-336"
                href="https://www.instagram.com/ewelists/"
                onBlur={[Function]}
                onDragLeave={[Function]}
                onFocus={[Function]}
                onKeyDown={[Function]}
                onKeyUp={[Function]}
                onMouseDown={[Function]}
                onMouseLeave={[Function]}
                onMouseUp={[Function]}
                onTouchEnd={[Function]}
                onTouchMove={[Function]}
                onTouchStart={[Function]}
                tabIndex={0}
                target="_blank"
              >
                <span
                  className="MuiButton-label"
                >
                  <i
                    className="fab fa-instagram"
                  />
                </span>
                <span
                  className="MuiTouchRipple-root"
                />
              </a>
            </li>
          </ul>
        </div>
      </div>
      <div
        className="makeStyles-clearFix-305"
      />
    </div>
  </footer>
</div>
`;
