// Jest Snapshot v1, https://goo.gl/fbAQLP

exports[`ContactUs Page Snapshots Renders empty form of contact us page 1`] = `
<div>
  <div>
    <header
      className="MuiPaper-root MuiAppBar-root MuiAppBar-positionFixed makeStyles-appBar-41 makeStyles-info-48 makeStyles-fixed-43 MuiAppBar-colorPrimary mui-fixed MuiPaper-elevation4"
    >
      <div
        className="MuiToolbar-root MuiToolbar-regular makeStyles-container-44 MuiToolbar-gutters"
      >
        <button
          className="MuiButtonBase-root MuiButton-root MuiButton-text makeStyles-title-45"
          disabled={false}
          onBlur={[Function]}
          onDragLeave={[Function]}
          onFocus={[Function]}
          onKeyDown={[Function]}
          onKeyUp={[Function]}
          onMouseDown={[Function]}
          onMouseLeave={[Function]}
          onMouseUp={[Function]}
          onTouchEnd={[Function]}
          onTouchMove={[Function]}
          onTouchStart={[Function]}
          tabIndex={0}
          type="button"
        >
          <span
            className="MuiButton-label"
          >
            <a
              href="/"
              onClick={[Function]}
            >
              <img
                alt="logo"
                className="makeStyles-logo-40"
                src="logo-white.png"
              />
            </a>
          </span>
          <span
            className="MuiTouchRipple-root"
          />
        </button>
        <div
          className="makeStyles-hidden-57 PrivateHiddenCss-smDown-139"
        >
          <div
            className="makeStyles-collapse-58"
          >
            <ul
              className="MuiList-root makeStyles-list-149 makeStyles-mlAuto-165 MuiList-padding"
            >
              <li
                className="MuiListItem-root makeStyles-listItem-150 MuiListItem-gutters"
                disabled={false}
              >
                <a
                  className="makeStyles-navLink-152"
                  href="/listideas"
                  onClick={[Function]}
                >
                  Gift List Ideas
                </a>
              </li>
              <li
                className="MuiListItem-root makeStyles-listItem-150 MuiListItem-gutters"
                disabled={false}
              >
                <a
                  className="makeStyles-navLink-152"
                  href="/login"
                  onClick={[Function]}
                >
                  Log In
                </a>
              </li>
              <li
                className="MuiListItem-root makeStyles-listItem-150 MuiListItem-gutters"
                disabled={false}
              >
                <a
                  className="makeStyles-navLink-152"
                  href="/signup"
                  onClick={[Function]}
                >
                  Sign Up
                </a>
              </li>
            </ul>
          </div>
        </div>
      </div>
    </header>
  </div>
  <div
    className="makeStyles-parallax-181 makeStyles-parallax-18"
    style={
      Object {
        "backgroundImage": "url(sheep-with-shoes.jpg)",
        "transform": "translate3d(0,0px,0)",
      }
    }
  >
    <div
      className="makeStyles-container-6"
    >
      <div
        className="MuiGrid-root makeStyles-grid-191  MuiGrid-container MuiGrid-justify-xs-center"
      >
        <div
          className="MuiGrid-root makeStyles-grid-295 makeStyles-mlAuto-4 makeStyles-textCenter-10 MuiGrid-item MuiGrid-grid-sm-8 MuiGrid-grid-md-8"
        />
      </div>
    </div>
  </div>
  <div
    className="makeStyles-main-1 makeStyles-mainRaised-2"
  >
    <div
      className="makeStyles-contactContent-7"
    >
      <div
        className="makeStyles-container-6"
      >
        <h2
          className="makeStyles-title-3"
        >
          Send us a message
        </h2>
        <div
          className="MuiGrid-root makeStyles-grid-191  MuiGrid-container"
        >
          <div
            className="MuiGrid-root makeStyles-grid-295  MuiGrid-item MuiGrid-grid-sm-12 MuiGrid-grid-md-12"
          >
            <p
              className="makeStyles-subHeading-19"
            >
              You can contact us with anything related to Ewelists. We
              '
              ll get in touch with you as soon as possible.
              <br />
              <br />
            </p>
            <div
              id="formWrapper"
            >
              <form>
                <div
                  className="MuiFormControl-root makeStyles-formControl-304 MuiFormControl-fullWidth"
                >
                  <label
                    className="MuiFormLabel-root MuiInputLabel-root makeStyles-labelRoot-300  MuiInputLabel-formControl MuiInputLabel-animated"
                    data-shrink={false}
                    htmlFor="name"
                  >
                    Your Name
                  </label>
                  <div
                    className="MuiInputBase-root MuiInput-root MuiInput-underline makeStyles-underline-297 MuiInputBase-formControl MuiInput-formControl"
                    onClick={[Function]}
                  >
                    <input
                      aria-invalid={false}
                      className="MuiInputBase-input MuiInput-input makeStyles-input-306"
                      disabled={false}
                      id="name"
                      onAnimationStart={[Function]}
                      onBlur={[Function]}
                      onChange={[Function]}
                      onFocus={[Function]}
                      required={false}
                      type="text"
                    />
                  </div>
                </div>
                <div
                  className="MuiFormControl-root makeStyles-formControl-304 MuiFormControl-fullWidth"
                >
                  <label
                    className="MuiFormLabel-root MuiInputLabel-root makeStyles-labelRoot-300  MuiInputLabel-formControl MuiInputLabel-animated"
                    data-shrink={false}
                    htmlFor="email"
                  >
                    Email address
                  </label>
                  <div
                    className="MuiInputBase-root MuiInput-root MuiInput-underline makeStyles-underline-297 MuiInputBase-formControl MuiInput-formControl"
                    onClick={[Function]}
                  >
                    <input
                      aria-invalid={false}
                      className="MuiInputBase-input MuiInput-input makeStyles-input-306"
                      disabled={false}
                      id="email"
                      onAnimationStart={[Function]}
                      onBlur={[Function]}
                      onChange={[Function]}
                      onFocus={[Function]}
                      required={false}
                      type="text"
                    />
                  </div>
                </div>
                <div
                  className="MuiFormControl-root makeStyles-formControl-304 MuiFormControl-fullWidth"
                >
                  <label
                    className="MuiFormLabel-root MuiInputLabel-root makeStyles-labelRoot-300  MuiInputLabel-formControl MuiInputLabel-animated"
                    data-shrink={false}
                    htmlFor="message"
                  >
                    Your message
                  </label>
                  <div
                    className="MuiInputBase-root MuiInput-root MuiInput-underline makeStyles-underline-297 MuiInputBase-formControl MuiInput-formControl MuiInputBase-multiline MuiInput-multiline"
                    onClick={[Function]}
                  >
                    <textarea
                      aria-invalid={false}
                      className="MuiInputBase-input MuiInput-input makeStyles-input-306 MuiInputBase-inputMultiline MuiInput-inputMultiline"
                      disabled={false}
                      id="message"
                      onAnimationStart={[Function]}
                      onBlur={[Function]}
                      onChange={[Function]}
                      onFocus={[Function]}
                      required={false}
                      rows={6}
                    />
                  </div>
                </div>
                <div
                  className="makeStyles-textCenter-10"
                >
                  <button
                    className="MuiButtonBase-root MuiButton-root MuiButton-text makeStyles-button-366 makeStyles-primary-368 makeStyles-round-393 makeStyles-disabled-390"
                    disabled={false}
                    onBlur={[Function]}
                    onClick={[Function]}
                    onDragLeave={[Function]}
                    onFocus={[Function]}
                    onKeyDown={[Function]}
                    onKeyUp={[Function]}
                    onMouseDown={[Function]}
                    onMouseLeave={[Function]}
                    onMouseUp={[Function]}
                    onTouchEnd={[Function]}
                    onTouchMove={[Function]}
                    onTouchStart={[Function]}
                    tabIndex={0}
                    type="button"
                  >
                    <span
                      className="MuiButton-label"
                    >
                      Contact us
                    </span>
                    <span
                      className="MuiTouchRipple-root"
                    />
                  </button>
                </div>
              </form>
            </div>
          </div>
        </div>
      </div>
    </div>
  </div>
  <div
    className="makeStyles-spacer-17"
  />
  <div>
    <div />
    <footer
      className="makeStyles-footer-409 makeStyles-footer-404"
    >
      <div
        className="makeStyles-container-415"
      >
         
        <div>
          <div
            className="makeStyles-left-401"
          >
            <ul
              className="MuiList-root makeStyles-list-400 MuiList-padding"
            >
              <li
                className="MuiListItem-root makeStyles-inlineBlock-399 MuiListItem-gutters"
                disabled={false}
              >
                <a
                  className="makeStyles-block-398"
                  href="/"
                >
                  © 
                  2020
                   ewelists
                </a>
              </li>
              <li
                className="MuiListItem-root makeStyles-inlineBlock-399 MuiListItem-gutters"
                disabled={false}
              >
                <a
                  className="makeStyles-block-398"
                  href="/contact"
                >
                  Contact Us
                </a>
              </li>
              <li
                className="MuiListItem-root makeStyles-inlineBlock-399 MuiListItem-gutters"
                disabled={false}
              >
                <a
                  className="makeStyles-block-398"
                  href="/#about"
                >
                  About us
                </a>
              </li>
              <li
                className="MuiListItem-root makeStyles-inlineBlock-399 MuiListItem-gutters"
                disabled={false}
              >
                <a
                  className="makeStyles-block-398"
                  href="/privacy"
                >
                  Privacy
                </a>
              </li>
              <li
                className="MuiListItem-root makeStyles-inlineBlock-399 MuiListItem-gutters"
                disabled={false}
              >
                <a
                  className="makeStyles-block-398"
                  href="/terms"
                >
                  Terms
                </a>
              </li>
            </ul>
          </div>
          <div
            className="makeStyles-rightLinks-405"
          >
            <ul>
              <li>
                <a
                  aria-disabled={false}
                  className="MuiButtonBase-root MuiButton-root MuiButton-text makeStyles-button-366 makeStyles-facebook-377 makeStyles-simple-388 makeStyles-justIcon-396"
                  href="https://www.facebook.com/ewelists"
                  onBlur={[Function]}
                  onDragLeave={[Function]}
                  onFocus={[Function]}
                  onKeyDown={[Function]}
                  onKeyUp={[Function]}
                  onMouseDown={[Function]}
                  onMouseLeave={[Function]}
                  onMouseUp={[Function]}
                  onTouchEnd={[Function]}
                  onTouchMove={[Function]}
                  onTouchStart={[Function]}
                  tabIndex={0}
                  target="_blank"
                >
                  <span
                    className="MuiButton-label"
                  >
                    <i
                      className="fab fa-facebook"
                    />
                  </span>
                  <span
                    className="MuiTouchRipple-root"
                  />
                </a>
              </li>
              <li>
                <a
                  aria-disabled={false}
                  className="MuiButtonBase-root MuiButton-root MuiButton-text makeStyles-button-366 makeStyles-twitter-376 makeStyles-simple-388 makeStyles-justIcon-396"
                  href="https://twitter.com/ewelists"
                  onBlur={[Function]}
                  onDragLeave={[Function]}
                  onFocus={[Function]}
                  onKeyDown={[Function]}
                  onKeyUp={[Function]}
                  onMouseDown={[Function]}
                  onMouseLeave={[Function]}
                  onMouseUp={[Function]}
                  onTouchEnd={[Function]}
                  onTouchMove={[Function]}
                  onTouchStart={[Function]}
                  tabIndex={0}
                  target="_blank"
                >
                  <span
                    className="MuiButton-label"
                  >
                    <i
                      className="fab fa-twitter"
                    />
                  </span>
                  <span
                    className="MuiTouchRipple-root"
                  />
                </a>
              </li>
              <li>
                <a
                  aria-disabled={false}
                  className="MuiButtonBase-root MuiButton-root MuiButton-text makeStyles-button-366 makeStyles-instagram-387 makeStyles-simple-388 makeStyles-justIcon-396"
                  href="https://www.instagram.com/ewelists/"
                  onBlur={[Function]}
                  onDragLeave={[Function]}
                  onFocus={[Function]}
                  onKeyDown={[Function]}
                  onKeyUp={[Function]}
                  onMouseDown={[Function]}
                  onMouseLeave={[Function]}
                  onMouseUp={[Function]}
                  onTouchEnd={[Function]}
                  onTouchMove={[Function]}
                  onTouchStart={[Function]}
                  tabIndex={0}
                  target="_blank"
                >
                  <span
                    className="MuiButton-label"
                  >
                    <i
                      className="fab fa-instagram"
                    />
                  </span>
                  <span
                    className="MuiTouchRipple-root"
                  />
                </a>
              </li>
            </ul>
          </div>
        </div>
        <div
          className="makeStyles-clearFix-425"
        />
      </div>
    </footer>
  </div>
</div>
`;
