// Jest Snapshot v1, https://goo.gl/fbAQLP

exports[`Renders ChristmasIdeasForToddlers page. 1`] = `
<div>
  <div>
    <header
      className="MuiPaper-root MuiAppBar-root MuiAppBar-positionFixed makeStyles-appBar-29 makeStyles-transparent-41 makeStyles-fixed-31 MuiAppBar-colorPrimary mui-fixed MuiPaper-elevation4"
    >
      <div
        className="MuiToolbar-root MuiToolbar-regular makeStyles-container-32 MuiToolbar-gutters"
      >
        <button
          className="MuiButtonBase-root MuiButton-root MuiButton-text makeStyles-title-33"
          disabled={false}
          onBlur={[Function]}
          onDragLeave={[Function]}
          onFocus={[Function]}
          onKeyDown={[Function]}
          onKeyUp={[Function]}
          onMouseDown={[Function]}
          onMouseLeave={[Function]}
          onMouseUp={[Function]}
          onTouchEnd={[Function]}
          onTouchMove={[Function]}
          onTouchStart={[Function]}
          tabIndex={0}
          type="button"
        >
          <span
            className="MuiButton-label"
          >
            <a
              href="/"
              onClick={[Function]}
            >
              <img
                alt="logo"
                className="makeStyles-logo-28"
                src="logo-white.png"
              />
            </a>
          </span>
          <span
            className="MuiTouchRipple-root"
          />
        </button>
        <div
          className="makeStyles-hidden-45 PrivateHiddenCss-smDown-127"
        >
          <div
            className="makeStyles-collapse-46"
          >
            <ul
              className="MuiList-root makeStyles-list-137 makeStyles-mlAuto-153 MuiList-padding"
            >
              <li
                className="MuiListItem-root makeStyles-listItem-138 MuiListItem-gutters"
                disabled={false}
              >
                <a
                  className="makeStyles-navLink-140"
                  href="/listideas"
                  onClick={[Function]}
                >
                  Gift List Ideas
                </a>
              </li>
              <li
                className="MuiListItem-root makeStyles-listItem-138 MuiListItem-gutters"
                disabled={false}
              >
                <a
                  className="makeStyles-navLink-140"
                  href="/login"
                  onClick={[Function]}
                >
                  Log In
                </a>
              </li>
              <li
                className="MuiListItem-root makeStyles-listItem-138 MuiListItem-gutters"
                disabled={false}
              >
                <a
                  className="makeStyles-navLink-140"
                  href="/signup"
                  onClick={[Function]}
                >
                  Sign Up
                </a>
              </li>
            </ul>
          </div>
        </div>
      </div>
    </header>
  </div>
  <div
    className="makeStyles-parallax-169 makeStyles-darkColor-173 makeStyles-articleBg-6 makeStyles-darkFilter-8"
    style={
      Object {
        "backgroundImage": "url(christmastoddlers.jpg)",
        "transform": "translate3d(0,0px,0)",
      }
    }
  />
  <div
    className="makeStyles-main-5"
  >
    <div
      className="makeStyles-container-1"
    >
      <div
        className="makeStyles-section-2"
      >
        <div
          className="MuiGrid-root makeStyles-grid-179  MuiGrid-container MuiGrid-justify-xs-center"
        >
          <div
            className="MuiGrid-root makeStyles-grid-283  MuiGrid-item MuiGrid-grid-xs-12 MuiGrid-grid-sm-10 MuiGrid-grid-md-10"
          >
            <h1
              className="makeStyles-title-3"
            >
              Christmas Ideas for Toddlers
            </h1>
            <h3
              className="makeStyles-subtitle-4"
            >
              If you are stuck wondering what to get a toddler for Christmas, here are some of our favourite ideas!
            </h3>
            <div
              className="makeStyles-content-7"
            >
              <div>
                <p>
                  Toddlers love to mimic adults and join in ‘helping’ with every day tasks. Here are some great ideas to encourage role play.
                </p>
                <p>
                  Anyone for tea? This 
                  <a
                    href="https://www.amazon.co.uk/dp/B00XLNNNK2"
                    rel="noopener noreferrer"
                    target="_blank"
                  >
                     Emma Bridgewater 
                  </a>
                  tea set in Polka Dot comes with its own cute carry case. The recognisable Polka Dot design might even give you some ideas for an adult gift idea. It is also available in the Pink Heart Design.
                </p>
                <p>
                  Hours of entertainment can be had with a play kitchen and there are lots of little extras that you can add over time or put on their list. Play food, pots and pans, cakes to put in the oven, the ideas are endless. This kitchen from
                  <a
                    href="https://www.amazon.co.uk/dp/B00CM9J1K2"
                    rel="noopener noreferrer"
                    target="_blank"
                  >
                     Tidlo 
                  </a>
                   is made from sustainable components and the counter top height is slightly higher than other play kitchens meaning they get more years of play.
                </p>
                <p>
                  Children love to help with cooking because they get to help create it and best of all they get to eat it! Having their own apron will really make them feel the part and this one from
                  <a
                    href="https://www.gltc.co.uk/collections/all-finishing-touches/products/personalised-childs-apron-mr-fox"
                    rel="noopener noreferrer"
                    target="_blank"
                  >
                     The Great Little Trading Company 
                  </a>
                  gives you the option to personalise it with their name.
                </p>
                <p>
                  If you’re looking for a suggestion on what to make with children, check out this simple yoghurt pot cake which uses the yoghurt pot as your measuring devise. RECIPE: 1 pot natural yoghurt, 2 pots of self raising flour, half a pot of mild olive oil, 3 eggs, pinch of salt and dash of vanilla essence. Beat until smooth and then transfer to a greased loaf tin. Bake in the an oven at 180c for 45-60 minutes. Simple.
                </p>
                <p>
                  This cafe by
                  <a
                    href="https://www.gltc.co.uk/collections/play-kitchen/products/star-beans-coffee-shop"
                    rel="noopener noreferrer"
                    target="_blank"
                  >
                     The Great Little Trading Company 
                  </a>
                  takes up less space than a kitchen but should provide just as much entertainment. It’s made of wood which ticks the box of less plastic. How about adding the 
                  <a
                    href="https://www.gltc.co.uk/collections/sale-toys/products/wooden-till-red"
                    rel="noopener noreferrer"
                    target="_blank"
                  >
                     Wooden Till 
                  </a>
                  to really make your little one feel like they are in business.
                </p>
                <p>
                  Vacuuming isn’t high on the list of most adults but it seems like great fun to children, especially if they can do it at the same time as an adult. This
                  <a
                    href="https://www.amazon.co.uk/dp/B01M3WPLZX"
                    rel="noopener noreferrer"
                    target="_blank"
                  >
                     Little Helper Dyson 
                  </a>
                  is just like the real thing and will have them wizzing around after you making sure the house is spotless.
                </p>
                <p>
                  A scooter or a balance bike are great ways to encourage balance and coordination. This scooter by
                  <a
                    href="https://www.amazon.co.uk/dp/B01BE0J5TQ"
                    rel="noopener noreferrer"
                    target="_blank"
                  >
                     Micro Scooters 
                  </a>
                  goes from ages 2-5 and comes in a range of colours.
                </p>
                <p>
                  A balance bike is a great way for children to gain confidence on a bike without the need for pedals or stabilisers. The
                  <a
                    href="https://www.amazon.co.uk/dp/B06XXCQ7GQ"
                    rel="noopener noreferrer"
                    target="_blank"
                  >
                     Nicko Unicorn Rainbow 
                  </a>
                   and
                  <a
                    href="https://www.amazon.co.uk/dp/B01IVW78FI"
                    rel="noopener noreferrer"
                    target="_blank"
                  >
                     Racing Cars 
                  </a>
                  bikes by are made from plywood and come in a fantastic range of colours and patterns such as the unicorn print or the racer bike print.
                </p>
                <p>
                  Don't forget the safety helmet for use with the scooter or bike. This helmet by
                  <a
                    href="https://www.amazon.co.uk/dp/B07M9PF26C"
                    rel="noopener noreferrer"
                    target="_blank"
                  >
                     UniqueFit 
                  </a>
                   has an adjustable dial to get the perfect fit and it comes in 5 different colours.
                </p>
              </div>
            </div>
          </div>
        </div>
      </div>
      <div
        className="makeStyles-section-284"
      >
        <div
          className="MuiGrid-root makeStyles-grid-179  MuiGrid-container MuiGrid-justify-xs-center"
        >
          <div
            className="MuiGrid-root makeStyles-grid-283  MuiGrid-item MuiGrid-grid-xs-12 MuiGrid-grid-sm-10 MuiGrid-grid-md-10"
          >
            <h3
              className="makeStyles-title-285"
            >
              Shop The Story
            </h3>
            <div
              className="MuiGrid-root makeStyles-grid-179  MuiGrid-container"
            >
              <div
                className="MuiGrid-root makeStyles-grid-283  MuiGrid-item MuiGrid-grid-xs-12 MuiGrid-grid-sm-4 MuiGrid-grid-md-4"
              >
                <div
                  className="makeStyles-card-291 makeStyles-cardPlain-292 makeStyles-cardProduct-299"
                >
                  <div
                    className="makeStyles-cardHeader-306 makeStyles-cardHeaderImage-308 makeStyles-noShadow-309"
                  >
                    <a
                      href="https://www.amazon.co.uk/dp/B00XLNNNK2"
                      rel="noopener noreferrer"
                      target="_blank"
                    >
                      <img
                        alt=".."
                        className="makeStyles-productImage-286"
                        src="https://images-na.ssl-images-amazon.com/images/I/71AFxUI0ZIL._SX679_.jpg"
                      />
                    </a>
                  </div>
                  <div
                    className="makeStyles-cardBody-318 makeStyles-cardBodyPlain-320"
                  >
                    <a
                      href="https://www.amazon.co.uk/dp/B00XLNNNK2"
                      rel="noopener noreferrer"
                      target="_blank"
                    >
                      <h4
                        className="makeStyles-cardTitle-287"
                      >
                        Emma Bridgewater
                      </h4>
                    </a>
                    <p
                      className="makeStyles-description-288"
                    >
                      Polka Dot 19 Piece Melamine Tea Set in House Carry Box
                    </p>
                    <div
                      className="makeStyles-priceContainer-289"
                    >
                      <span
                        className="makeStyles-price-290"
                      >
                         
                        £ 36.55
                      </span>
                    </div>
                  </div>
                </div>
              </div>
              <div
                className="MuiGrid-root makeStyles-grid-283  MuiGrid-item MuiGrid-grid-xs-12 MuiGrid-grid-sm-4 MuiGrid-grid-md-4"
              >
                <div
                  className="makeStyles-card-291 makeStyles-cardPlain-292 makeStyles-cardProduct-299"
                >
                  <div
                    className="makeStyles-cardHeader-306 makeStyles-cardHeaderImage-308 makeStyles-noShadow-309"
                  >
                    <a
                      href="https://www.amazon.co.uk/dp/B00CM9J1K2"
                      rel="noopener noreferrer"
                      target="_blank"
                    >
                      <img
                        alt=".."
                        className="makeStyles-productImage-286"
                        src="https://images-na.ssl-images-amazon.com/images/I/61andYkFLfL._SX679_.jpg"
                      />
                    </a>
                  </div>
                  <div
                    className="makeStyles-cardBody-318 makeStyles-cardBodyPlain-320"
                  >
                    <a
                      href="https://www.amazon.co.uk/dp/B00CM9J1K2"
                      rel="noopener noreferrer"
                      target="_blank"
                    >
                      <h4
                        className="makeStyles-cardTitle-287"
                      >
                        Tidlo
                      </h4>
                    </a>
                    <p
                      className="makeStyles-description-288"
                    >
                      Wooden Country Play Kitchen
                    </p>
                    <div
                      className="makeStyles-priceContainer-289"
                    >
                      <span
                        className="makeStyles-price-290"
                      >
                         
                        £ 111.99
                      </span>
                    </div>
                  </div>
                </div>
              </div>
              <div
                className="MuiGrid-root makeStyles-grid-283  MuiGrid-item MuiGrid-grid-xs-12 MuiGrid-grid-sm-4 MuiGrid-grid-md-4"
              >
                <div
                  className="makeStyles-card-291 makeStyles-cardPlain-292 makeStyles-cardProduct-299"
                >
                  <div
                    className="makeStyles-cardHeader-306 makeStyles-cardHeaderImage-308 makeStyles-noShadow-309"
                  >
                    <a
                      href="https://www.amazon.co.uk/dp/B00CISHEYW"
                      rel="noopener noreferrer"
                      target="_blank"
                    >
                      <img
                        alt=".."
                        className="makeStyles-productImage-286"
                        src="https://images-na.ssl-images-amazon.com/images/I/61E6YVRpXUL._SX679_.jpg"
                      />
                    </a>
                  </div>
                  <div
                    className="makeStyles-cardBody-318 makeStyles-cardBodyPlain-320"
                  >
                    <a
                      href="https://www.amazon.co.uk/dp/B00CISHEYW"
                      rel="noopener noreferrer"
                      target="_blank"
                    >
                      <h4
                        className="makeStyles-cardTitle-287"
                      >
                        Tidlo
                      </h4>
                    </a>
                    <p
                      className="makeStyles-description-288"
                    >
                      Wooden Cutting Vegetables Set
                    </p>
                    <div
                      className="makeStyles-priceContainer-289"
                    >
                      <span
                        className="makeStyles-price-290"
                      >
                         
                        £ 14.99
                      </span>
                    </div>
                  </div>
                </div>
              </div>
              <div
                className="MuiGrid-root makeStyles-grid-283  MuiGrid-item MuiGrid-grid-xs-12 MuiGrid-grid-sm-4 MuiGrid-grid-md-4"
              >
                <div
                  className="makeStyles-card-291 makeStyles-cardPlain-292 makeStyles-cardProduct-299"
                >
                  <div
                    className="makeStyles-cardHeader-306 makeStyles-cardHeaderImage-308 makeStyles-noShadow-309"
                  >
                    <a
                      href="https://www.amazon.co.uk/dp/B0000BX8MA"
                      rel="noopener noreferrer"
                      target="_blank"
                    >
                      <img
                        alt=".."
                        className="makeStyles-productImage-286"
                        src="https://images-na.ssl-images-amazon.com/images/I/71Pt%2BhlLZjL._SX679_.jpg"
                      />
                    </a>
                  </div>
                  <div
                    className="makeStyles-cardBody-318 makeStyles-cardBodyPlain-320"
                  >
                    <a
                      href="https://www.amazon.co.uk/dp/B0000BX8MA"
                      rel="noopener noreferrer"
                      target="_blank"
                    >
                      <h4
                        className="makeStyles-cardTitle-287"
                      >
                        Melissa & Doug
                      </h4>
                    </a>
                    <p
                      className="makeStyles-description-288"
                    >
                      Melissa & Doug Food Groups - Wooden Play Food (Pretend Play, 21 Hand-Painted Wooden Pieces and 4 Crates)
                    </p>
                    <div
                      className="makeStyles-priceContainer-289"
                    >
                      <span
                        className="makeStyles-price-290"
                      >
                         
                        £ 12.35
                      </span>
                    </div>
                  </div>
                </div>
              </div>
              <div
                className="MuiGrid-root makeStyles-grid-283  MuiGrid-item MuiGrid-grid-xs-12 MuiGrid-grid-sm-4 MuiGrid-grid-md-4"
              >
                <div
                  className="makeStyles-card-291 makeStyles-cardPlain-292 makeStyles-cardProduct-299"
                >
                  <div
                    className="makeStyles-cardHeader-306 makeStyles-cardHeaderImage-308 makeStyles-noShadow-309"
                  >
                    <a
                      href="https://www.amazon.co.uk/dp/B00210EQ84"
                      rel="noopener noreferrer"
                      target="_blank"
                    >
                      <img
                        alt=".."
                        className="makeStyles-productImage-286"
                        src="https://images-na.ssl-images-amazon.com/images/I/712Hqe9OKEL._SX679_.jpg"
                      />
                    </a>
                  </div>
                  <div
                    className="makeStyles-cardBody-318 makeStyles-cardBodyPlain-320"
                  >
                    <a
                      href="https://www.amazon.co.uk/dp/B00210EQ84"
                      rel="noopener noreferrer"
                      target="_blank"
                    >
                      <h4
                        className="makeStyles-cardTitle-287"
                      >
                        Melissa & Doug
                      </h4>
                    </a>
                    <p
                      className="makeStyles-description-288"
                    >
                      Melissa & Doug 12610 Play House-Kitchens & Play Sets, Red, 31 x 31 x 13 cm
                    </p>
                    <div
                      className="makeStyles-priceContainer-289"
                    >
                      <span
                        className="makeStyles-price-290"
                      >
                         
                        £ 18.60
                      </span>
                    </div>
                  </div>
                </div>
              </div>
              <div
                className="MuiGrid-root makeStyles-grid-283  MuiGrid-item MuiGrid-grid-xs-12 MuiGrid-grid-sm-4 MuiGrid-grid-md-4"
              >
                <div
                  className="makeStyles-card-291 makeStyles-cardPlain-292 makeStyles-cardProduct-299"
                >
                  <div
                    className="makeStyles-cardHeader-306 makeStyles-cardHeaderImage-308 makeStyles-noShadow-309"
                  >
                    <a
                      href="https://www.gltc.co.uk/collections/all-finishing-touches/products/personalised-childs-apron-mr-fox"
                      rel="noopener noreferrer"
                      target="_blank"
                    >
                      <img
                        alt=".."
                        className="makeStyles-productImage-286"
                        src="https://cdn.shopify.com/s/files/1/2341/5115/products/l4552_3_1296x.jpg?v=1568627277"
                      />
                    </a>
                  </div>
                  <div
                    className="makeStyles-cardBody-318 makeStyles-cardBodyPlain-320"
                  >
                    <a
                      href="https://www.gltc.co.uk/collections/all-finishing-touches/products/personalised-childs-apron-mr-fox"
                      rel="noopener noreferrer"
                      target="_blank"
                    >
                      <h4
                        className="makeStyles-cardTitle-287"
                      >
                        Great Little Trading Co.
                      </h4>
                    </a>
                    <p
                      className="makeStyles-description-288"
                    >
                      Personalised Child's Apron, Mr Fox
                    </p>
                    <div
                      className="makeStyles-priceContainer-289"
                    >
                      <span
                        className="makeStyles-price-290"
                      >
                         
                        £ 24.00
                      </span>
                    </div>
                  </div>
                </div>
              </div>
              <div
                className="MuiGrid-root makeStyles-grid-283  MuiGrid-item MuiGrid-grid-xs-12 MuiGrid-grid-sm-4 MuiGrid-grid-md-4"
              >
                <div
                  className="makeStyles-card-291 makeStyles-cardPlain-292 makeStyles-cardProduct-299"
                >
                  <div
                    className="makeStyles-cardHeader-306 makeStyles-cardHeaderImage-308 makeStyles-noShadow-309"
                  >
                    <a
                      href="https://www.gltc.co.uk/collections/play-kitchen/products/star-beans-coffee-shop"
                      rel="noopener noreferrer"
                      target="_blank"
                    >
                      <img
                        alt=".."
                        className="makeStyles-productImage-286"
                        src="https://cdn.shopify.com/s/files/1/2341/5115/products/l4447_7_1296x.jpg?v=1572864733"
                      />
                    </a>
                  </div>
                  <div
                    className="makeStyles-cardBody-318 makeStyles-cardBodyPlain-320"
                  >
                    <a
                      href="https://www.gltc.co.uk/collections/play-kitchen/products/star-beans-coffee-shop"
                      rel="noopener noreferrer"
                      target="_blank"
                    >
                      <h4
                        className="makeStyles-cardTitle-287"
                      >
                        Great Little Trading Co.
                      </h4>
                    </a>
                    <p
                      className="makeStyles-description-288"
                    >
                      Star Beans Coffee Shop
                    </p>
                    <div
                      className="makeStyles-priceContainer-289"
                    >
                      <span
                        className="makeStyles-price-290"
                      >
                         
                        £ 51.00
                      </span>
                    </div>
                  </div>
                </div>
              </div>
              <div
                className="MuiGrid-root makeStyles-grid-283  MuiGrid-item MuiGrid-grid-xs-12 MuiGrid-grid-sm-4 MuiGrid-grid-md-4"
              >
                <div
                  className="makeStyles-card-291 makeStyles-cardPlain-292 makeStyles-cardProduct-299"
                >
                  <div
                    className="makeStyles-cardHeader-306 makeStyles-cardHeaderImage-308 makeStyles-noShadow-309"
                  >
                    <a
                      href="https://www.gltc.co.uk/collections/sale-toys/products/wooden-till-red"
                      rel="noopener noreferrer"
                      target="_blank"
                    >
                      <img
                        alt=".."
                        className="makeStyles-productImage-286"
                        src="https://cdn.shopify.com/s/files/1/2341/5115/products/l4206_2_9ada16ef-cd0b-43b9-b2a6-b501333e1755_1296x.jpg?v=1574439420"
                      />
                    </a>
                  </div>
                  <div
                    className="makeStyles-cardBody-318 makeStyles-cardBodyPlain-320"
                  >
                    <a
                      href="https://www.gltc.co.uk/collections/sale-toys/products/wooden-till-red"
                      rel="noopener noreferrer"
                      target="_blank"
                    >
                      <h4
                        className="makeStyles-cardTitle-287"
                      >
                        Great Little Trading Co.
                      </h4>
                    </a>
                    <p
                      className="makeStyles-description-288"
                    >
                      Wooden Till, Red
                    </p>
                    <div
                      className="makeStyles-priceContainer-289"
                    >
                      <span
                        className="makeStyles-price-290"
                      >
                         
                        £ 27.00
                      </span>
                    </div>
                  </div>
                </div>
              </div>
              <div
                className="MuiGrid-root makeStyles-grid-283  MuiGrid-item MuiGrid-grid-xs-12 MuiGrid-grid-sm-4 MuiGrid-grid-md-4"
              >
                <div
                  className="makeStyles-card-291 makeStyles-cardPlain-292 makeStyles-cardProduct-299"
                >
                  <div
                    className="makeStyles-cardHeader-306 makeStyles-cardHeaderImage-308 makeStyles-noShadow-309"
                  >
                    <a
                      href="https://www.amazon.co.uk/dp/B01M3WPLZX"
                      rel="noopener noreferrer"
                      target="_blank"
                    >
                      <img
                        alt=".."
                        className="makeStyles-productImage-286"
                        src="https://images-na.ssl-images-amazon.com/images/I/51Ri17pbZiL._SY879_.jpg"
                      />
                    </a>
                  </div>
                  <div
                    className="makeStyles-cardBody-318 makeStyles-cardBodyPlain-320"
                  >
                    <a
                      href="https://www.amazon.co.uk/dp/B01M3WPLZX"
                      rel="noopener noreferrer"
                      target="_blank"
                    >
                      <h4
                        className="makeStyles-cardTitle-287"
                      >
                        Casdon
                      </h4>
                    </a>
                    <p
                      className="makeStyles-description-288"
                    >
                      Little Helper Dyson Cord-free Handheld Vacuum Cleaner Toy Orange
                    </p>
                    <div
                      className="makeStyles-priceContainer-289"
                    >
                      <span
                        className="makeStyles-price-290"
                      >
                         
                        £ 17.99
                      </span>
                    </div>
                  </div>
                </div>
              </div>
              <div
                className="MuiGrid-root makeStyles-grid-283  MuiGrid-item MuiGrid-grid-xs-12 MuiGrid-grid-sm-4 MuiGrid-grid-md-4"
              >
                <div
                  className="makeStyles-card-291 makeStyles-cardPlain-292 makeStyles-cardProduct-299"
                >
                  <div
                    className="makeStyles-cardHeader-306 makeStyles-cardHeaderImage-308 makeStyles-noShadow-309"
                  >
                    <a
                      href="https://www.amazon.co.uk/dp/B01BE0J5TQ"
                      rel="noopener noreferrer"
                      target="_blank"
                    >
                      <img
                        alt=".."
                        className="makeStyles-productImage-286"
                        src="https://images-na.ssl-images-amazon.com/images/I/51l7YxPwiIL._SY879_.jpg"
                      />
                    </a>
                  </div>
                  <div
                    className="makeStyles-cardBody-318 makeStyles-cardBodyPlain-320"
                  >
                    <a
                      href="https://www.amazon.co.uk/dp/B01BE0J5TQ"
                      rel="noopener noreferrer"
                      target="_blank"
                    >
                      <h4
                        className="makeStyles-cardTitle-287"
                      >
                        Micro
                      </h4>
                    </a>
                    <p
                      className="makeStyles-description-288"
                    >
                      Mini Deluxe Scooter - Aqua
                    </p>
                    <div
                      className="makeStyles-priceContainer-289"
                    >
                      <span
                        className="makeStyles-price-290"
                      >
                         
                        £ 82.95
                      </span>
                    </div>
                  </div>
                </div>
              </div>
              <div
                className="MuiGrid-root makeStyles-grid-283  MuiGrid-item MuiGrid-grid-xs-12 MuiGrid-grid-sm-4 MuiGrid-grid-md-4"
              >
                <div
                  className="makeStyles-card-291 makeStyles-cardPlain-292 makeStyles-cardProduct-299"
                >
                  <div
                    className="makeStyles-cardHeader-306 makeStyles-cardHeaderImage-308 makeStyles-noShadow-309"
                  >
                    <a
                      href="https://www.amazon.co.uk/dp/B06XXCQ7GQ"
                      rel="noopener noreferrer"
                      target="_blank"
                    >
                      <img
                        alt=".."
                        className="makeStyles-productImage-286"
                        src="https://images-na.ssl-images-amazon.com/images/I/81Zd4INTjPL._SX679_.jpg"
                      />
                    </a>
                  </div>
                  <div
                    className="makeStyles-cardBody-318 makeStyles-cardBodyPlain-320"
                  >
                    <a
                      href="https://www.amazon.co.uk/dp/B06XXCQ7GQ"
                      rel="noopener noreferrer"
                      target="_blank"
                    >
                      <h4
                        className="makeStyles-cardTitle-287"
                      >
                        Nicko
                      </h4>
                    </a>
                    <p
                      className="makeStyles-description-288"
                    >
                      Unicorn Rainbow Girls Children's Wooden Balance Bike
                    </p>
                    <div
                      className="makeStyles-priceContainer-289"
                    >
                      <span
                        className="makeStyles-price-290"
                      >
                         
                        £ 31.99
                      </span>
                    </div>
                  </div>
                </div>
              </div>
              <div
                className="MuiGrid-root makeStyles-grid-283  MuiGrid-item MuiGrid-grid-xs-12 MuiGrid-grid-sm-4 MuiGrid-grid-md-4"
              >
                <div
                  className="makeStyles-card-291 makeStyles-cardPlain-292 makeStyles-cardProduct-299"
                >
                  <div
                    className="makeStyles-cardHeader-306 makeStyles-cardHeaderImage-308 makeStyles-noShadow-309"
                  >
                    <a
                      href="https://www.amazon.co.uk/dp/B01IVW78FI"
                      rel="noopener noreferrer"
                      target="_blank"
                    >
                      <img
                        alt=".."
                        className="makeStyles-productImage-286"
                        src="https://images-na.ssl-images-amazon.com/images/I/81LfbLVWneL._SX679_.jpg"
                      />
                    </a>
                  </div>
                  <div
                    className="makeStyles-cardBody-318 makeStyles-cardBodyPlain-320"
                  >
                    <a
                      href="https://www.amazon.co.uk/dp/B01IVW78FI"
                      rel="noopener noreferrer"
                      target="_blank"
                    >
                      <h4
                        className="makeStyles-cardTitle-287"
                      >
                        Nicko
                      </h4>
                    </a>
                    <p
                      className="makeStyles-description-288"
                    >
                      Racing Cars Kids Children's Wooden Balance Bike
                    </p>
                    <div
                      className="makeStyles-priceContainer-289"
                    >
                      <span
                        className="makeStyles-price-290"
                      >
                         
                        £ 31.99
                      </span>
                    </div>
                  </div>
                </div>
              </div>
              <div
                className="MuiGrid-root makeStyles-grid-283  MuiGrid-item MuiGrid-grid-xs-12 MuiGrid-grid-sm-4 MuiGrid-grid-md-4"
              >
                <div
                  className="makeStyles-card-291 makeStyles-cardPlain-292 makeStyles-cardProduct-299"
                >
                  <div
                    className="makeStyles-cardHeader-306 makeStyles-cardHeaderImage-308 makeStyles-noShadow-309"
                  >
                    <a
                      href="https://www.amazon.co.uk/dp/B07M9PF26C"
                      rel="noopener noreferrer"
                      target="_blank"
                    >
                      <img
                        alt=".."
                        className="makeStyles-productImage-286"
                        src="https://images-na.ssl-images-amazon.com/images/I/51fsrTTXTAL._SX679_.jpg"
                      />
                    </a>
                  </div>
                  <div
                    className="makeStyles-cardBody-318 makeStyles-cardBodyPlain-320"
                  >
                    <a
                      href="https://www.amazon.co.uk/dp/B07M9PF26C"
                      rel="noopener noreferrer"
                      target="_blank"
                    >
                      <h4
                        className="makeStyles-cardTitle-287"
                      >
                        UniqueFit
                      </h4>
                    </a>
                    <p
                      className="makeStyles-description-288"
                    >
                      UniqueFit Kids Helmet Boys and Girls Safety Adjustable Comfortable Helmet for Roller, Scooter, Skateboard, Bicycle(3-8 Years Old)
                    </p>
                    <div
                      className="makeStyles-priceContainer-289"
                    >
                      <span
                        className="makeStyles-price-290"
                      >
                         
                        £ 18.99
                      </span>
                    </div>
                  </div>
                </div>
              </div>
            </div>
            <br />
          </div>
        </div>
      </div>
    </div>
  </div>
  <div
    className="makeStyles-sectionSimilarLists-326"
  >
    <div
      className="makeStyles-container-325"
    >
      <div
        className="MuiGrid-root makeStyles-grid-179  MuiGrid-container"
      >
        <div
          className="MuiGrid-root makeStyles-grid-283  MuiGrid-item MuiGrid-grid-md-12"
        >
          <h2
            className="makeStyles-title-328 makeStyles-textCenter-327"
          >
            Similar Articles
          </h2>
          <br />
          <div
            className="MuiGrid-root makeStyles-grid-179  MuiGrid-container"
          >
            <div
              className="MuiGrid-root makeStyles-grid-283  MuiGrid-item MuiGrid-grid-xs-12 MuiGrid-grid-sm-4 MuiGrid-grid-md-4"
            >
              <div
                className="makeStyles-card-291 makeStyles-cardBlog-294"
              >
                <div
                  className="makeStyles-cardHeader-306 makeStyles-cardHeaderImage-308"
                >
                  <a
                    href="/listideas/travelgear"
                  >
                    <img
                      alt="..."
                      className="makeStyles-listImage-332"
                      src="travelgear.jpg"
                    />
                  </a>
                  <div
                    className="makeStyles-coloredShadow-330"
                    style={
                      Object {
                        "backgroundImage": "url(travelgear.jpg)",
                        "opacity": "1",
                      }
                    }
                  />
                </div>
                <div
                  className="makeStyles-cardBody-318"
                >
                  <div
                    className="makeStyles-defaultFontStyle-333 makeStyles-infoText-340"
                  >
                    <h6>
                      TRAVEL
                    </h6>
                  </div>
                  <h4
                    className="makeStyles-cardTitle-329"
                  >
                    <a
                      href="/listideas/travelgear"
                    >
                      Travel Gear
                    </a>
                  </h4>
                  <p
                    className="makeStyles-description-331"
                  >
                    Our favourite buggies, travel cots and other gear which make travelling with your little ones hassle free.
                    <a
                      href="/listideas/travelgear"
                    >
                       Read Article 
                    </a>
                  </p>
                </div>
              </div>
            </div>
            <div
              className="MuiGrid-root makeStyles-grid-283  MuiGrid-item MuiGrid-grid-xs-12 MuiGrid-grid-sm-4 MuiGrid-grid-md-4"
            >
              <div
                className="makeStyles-card-291 makeStyles-cardBlog-294"
              >
                <div
                  className="makeStyles-cardHeader-306 makeStyles-cardHeaderImage-308"
                >
                  <a
                    href="/listideas/bathtime"
                  >
                    <img
                      alt="..."
                      className="makeStyles-listImage-332"
                      src="bathtime.jpg"
                    />
                  </a>
                  <div
                    className="makeStyles-coloredShadow-330"
                    style={
                      Object {
                        "backgroundImage": "url(bathtime.jpg)",
                        "opacity": "1",
                      }
                    }
                  />
                </div>
                <div
                  className="makeStyles-cardBody-318"
                >
                  <div
                    className="makeStyles-defaultFontStyle-333 makeStyles-infoText-340"
                  >
                    <h6>
                      BABY
                    </h6>
                  </div>
                  <h4
                    className="makeStyles-cardTitle-329"
                  >
                    <a
                      href="/listideas/bathtime"
                    >
                      Bath Time
                    </a>
                  </h4>
                  <p
                    className="makeStyles-description-331"
                  >
                    Everything you need when bathing your baby.
                    <a
                      href="/listideas/bathtime"
                    >
                       Read Article 
                    </a>
                  </p>
                </div>
              </div>
            </div>
            <div
              className="MuiGrid-root makeStyles-grid-283  MuiGrid-item MuiGrid-grid-xs-12 MuiGrid-grid-sm-4 MuiGrid-grid-md-4"
            >
              <div
                className="makeStyles-card-291 makeStyles-cardBlog-294"
              >
                <div
                  className="makeStyles-cardHeader-306 makeStyles-cardHeaderImage-308"
                >
                  <a
                    href="/listideas/nursery"
                  >
                    <img
                      alt="..."
                      className="makeStyles-listImage-332"
                      src="nurserylist.jpg"
                    />
                  </a>
                  <div
                    className="makeStyles-coloredShadow-330"
                    style={
                      Object {
                        "backgroundImage": "url(nurserylist.jpg)",
                        "opacity": "1",
                      }
                    }
                  />
                </div>
                <div
                  className="makeStyles-cardBody-318"
                >
                  <div
                    className="makeStyles-defaultFontStyle-333 makeStyles-infoText-340"
                  >
                    <h6>
                      NURSERY
                    </h6>
                  </div>
                  <h4
                    className="makeStyles-cardTitle-329"
                  >
                    <a
                      href="/listideas/nursery"
                    >
                      The Nursery List
                    </a>
                  </h4>
                  <p
                    className="makeStyles-description-331"
                  >
                    What to buy for your baby’s bedroom.
                    <a
                      href="/listideas/nursery"
                    >
                       Read Article 
                    </a>
                  </p>
                </div>
              </div>
            </div>
          </div>
        </div>
      </div>
    </div>
  </div>
  <div>
    <footer
      className="makeStyles-footer-355 makeStyles-dark-359 makeStyles-big-356"
    >
      <div
        className="makeStyles-container-361"
      >
        <div>
          <div
            className="makeStyles-content-357"
          >
            <div
              className="MuiGrid-root makeStyles-grid-179  MuiGrid-container"
            >
              <div
                className="MuiGrid-root makeStyles-grid-283  MuiGrid-item MuiGrid-grid-xs-12 MuiGrid-grid-sm-8 MuiGrid-grid-md-8"
              >
                <h4
                  id="about"
                >
                  About Us
                </h4>
                <p>
                  Ewelists is an online gift list tool, focused on helping new and expectant parents. Our goal is simple, to make creating a gift list for your little one's special occasion, such as baby shower, first birthday or Christmas faster and easier.
                   
                </p>
                <p>
                  We started by building the tool we would want to use, but would also love to hear your ideas. If you have any suggestions please contact us!
                   
                </p>
              </div>
              <div
                className="MuiGrid-root makeStyles-grid-283  MuiGrid-item MuiGrid-grid-xs-12 MuiGrid-grid-sm-4 MuiGrid-grid-md-4"
              >
                <h4>
                  Follow Us
                </h4>
                <ul
                  className="makeStyles-socialButtons-351"
                >
                  <li>
                    <a
                      aria-disabled={false}
                      className="MuiButtonBase-root MuiButton-root MuiButton-text makeStyles-button-372 makeStyles-facebook-383 makeStyles-simple-394 makeStyles-justIcon-402"
                      href="https://www.facebook.com/ewelists"
                      onBlur={[Function]}
                      onDragLeave={[Function]}
                      onFocus={[Function]}
                      onKeyDown={[Function]}
                      onKeyUp={[Function]}
                      onMouseDown={[Function]}
                      onMouseLeave={[Function]}
                      onMouseUp={[Function]}
                      onTouchEnd={[Function]}
                      onTouchMove={[Function]}
                      onTouchStart={[Function]}
                      tabIndex={0}
                      target="_blank"
                    >
                      <span
                        className="MuiButton-label"
                      >
                        <i
                          className="fab fa-facebook-square"
                        />
                      </span>
                      <span
                        className="MuiTouchRipple-root"
                      />
                    </a>
                  </li>
                  <li>
                    <a
                      aria-disabled={false}
                      className="MuiButtonBase-root MuiButton-root MuiButton-text makeStyles-button-372 makeStyles-twitter-382 makeStyles-simple-394 makeStyles-justIcon-402"
                      href="https://twitter.com/ewelists"
                      onBlur={[Function]}
                      onDragLeave={[Function]}
                      onFocus={[Function]}
                      onKeyDown={[Function]}
                      onKeyUp={[Function]}
                      onMouseDown={[Function]}
                      onMouseLeave={[Function]}
                      onMouseUp={[Function]}
                      onTouchEnd={[Function]}
                      onTouchMove={[Function]}
                      onTouchStart={[Function]}
                      tabIndex={0}
                      target="_blank"
                    >
                      <span
                        className="MuiButton-label"
                      >
                        <i
                          className="fab fa-twitter"
                        />
                      </span>
                      <span
                        className="MuiTouchRipple-root"
                      />
                    </a>
                  </li>
                  <li>
                    <a
                      aria-disabled={false}
                      className="MuiButtonBase-root MuiButton-root MuiButton-text makeStyles-button-372 makeStyles-instagram-393 makeStyles-simple-394 makeStyles-justIcon-402"
                      href="https://www.instagram.com/ewelists/"
                      onBlur={[Function]}
                      onDragLeave={[Function]}
                      onFocus={[Function]}
                      onKeyDown={[Function]}
                      onKeyUp={[Function]}
                      onMouseDown={[Function]}
                      onMouseLeave={[Function]}
                      onMouseUp={[Function]}
                      onTouchEnd={[Function]}
                      onTouchMove={[Function]}
                      onTouchStart={[Function]}
                      tabIndex={0}
                      target="_blank"
                    >
                      <span
                        className="MuiButton-label"
                      >
                        <i
                          className="fab fa-instagram"
                        />
                      </span>
                      <span
                        className="MuiTouchRipple-root"
                      />
                    </a>
                  </li>
                </ul>
              </div>
            </div>
          </div>
          <hr />
        </div>
        <div>
          <div
            className="makeStyles-left-349"
          >
            <ul
              className="MuiList-root makeStyles-list-348 MuiList-padding"
            >
              <li
                className="MuiListItem-root makeStyles-inlineBlock-347 MuiListItem-gutters"
                disabled={false}
              >
                <a
                  className="makeStyles-block-346"
                  href="/contact"
                >
                  Contact Us
                </a>
              </li>
              <li
                className="MuiListItem-root makeStyles-inlineBlock-347 MuiListItem-gutters"
                disabled={false}
              >
                <a
                  className="makeStyles-block-346"
                  href="/#about"
                >
                  About us
                </a>
              </li>
              <li
                className="MuiListItem-root makeStyles-inlineBlock-347 MuiListItem-gutters"
                disabled={false}
              >
                <a
                  className="makeStyles-block-346"
                  href="/privacy"
                >
                  Privacy
                </a>
              </li>
              <li
                className="MuiListItem-root makeStyles-inlineBlock-347 MuiListItem-gutters"
                disabled={false}
              >
                <a
                  className="makeStyles-block-346"
                  href="/terms"
                >
                  Terms
                </a>
              </li>
            </ul>
          </div>
          <div
            className="makeStyles-right-350"
          >
            © 
            2020
             ewelists
          </div>
        </div>
        <div
          className="makeStyles-clearFix-371"
        />
      </div>
    </footer>
  </div>
</div>
`;
