// Jest Snapshot v1, https://goo.gl/fbAQLP

exports[`Renders Nursery page. 1`] = `
<div>
  <div>
    <header
      className="MuiPaper-root MuiAppBar-root MuiAppBar-positionFixed makeStyles-appBar-29 makeStyles-transparent-41 makeStyles-fixed-31 MuiAppBar-colorPrimary mui-fixed MuiPaper-elevation4"
    >
      <div
        className="MuiToolbar-root MuiToolbar-regular makeStyles-container-32 MuiToolbar-gutters"
      >
        <button
          className="MuiButtonBase-root MuiButton-root MuiButton-text makeStyles-title-33"
          disabled={false}
          onBlur={[Function]}
          onDragLeave={[Function]}
          onFocus={[Function]}
          onKeyDown={[Function]}
          onKeyUp={[Function]}
          onMouseDown={[Function]}
          onMouseLeave={[Function]}
          onMouseUp={[Function]}
          onTouchEnd={[Function]}
          onTouchMove={[Function]}
          onTouchStart={[Function]}
          tabIndex={0}
          type="button"
        >
          <span
            className="MuiButton-label"
          >
            <a
              href="/"
              onClick={[Function]}
            >
              <img
                alt="logo"
                className="makeStyles-logo-28"
                src="logo-white.png"
              />
            </a>
          </span>
          <span
            className="MuiTouchRipple-root"
          />
        </button>
        <div
          className="makeStyles-hidden-45 PrivateHiddenCss-smDown-127"
        >
          <div
            className="makeStyles-collapse-46"
          >
            <ul
              className="MuiList-root makeStyles-list-137 makeStyles-mlAuto-153 MuiList-padding"
            >
              <li
                className="MuiListItem-root makeStyles-listItem-138 MuiListItem-gutters"
                disabled={false}
              >
                <a
                  className="makeStyles-navLink-140"
                  href="/listideas"
                  onClick={[Function]}
                >
                  Gift List Ideas
                </a>
              </li>
              <li
                className="MuiListItem-root makeStyles-listItem-138 MuiListItem-gutters"
                disabled={false}
              >
                <a
                  className="makeStyles-navLink-140"
                  href="/login"
                  onClick={[Function]}
                >
                  Log In
                </a>
              </li>
              <li
                className="MuiListItem-root makeStyles-listItem-138 MuiListItem-gutters"
                disabled={false}
              >
                <a
                  className="makeStyles-navLink-140"
                  href="/signup"
                  onClick={[Function]}
                >
                  Sign Up
                </a>
              </li>
            </ul>
          </div>
        </div>
      </div>
    </header>
  </div>
  <div
    className="makeStyles-parallax-169 makeStyles-darkColor-173 makeStyles-articleBg-6 makeStyles-darkFilter-8"
    style={
      Object {
        "backgroundImage": "url(nurserylist.jpg)",
        "transform": "translate3d(0,0px,0)",
      }
    }
  />
  <div
    className="makeStyles-main-5"
  >
    <div
      className="makeStyles-container-1"
    >
      <div
        className="makeStyles-section-2"
      >
        <div
          className="MuiGrid-root makeStyles-grid-179  MuiGrid-container MuiGrid-justify-xs-center"
        >
          <div
            className="MuiGrid-root makeStyles-grid-283  MuiGrid-item MuiGrid-grid-xs-12 MuiGrid-grid-sm-10 MuiGrid-grid-md-10"
          >
            <h1
              className="makeStyles-title-3"
            >
              The Nursery List
            </h1>
            <h3
              className="makeStyles-subtitle-4"
            >
              What to buy for your baby’s bedroom.
            </h3>
            <div
              className="makeStyles-content-7"
            >
              <div>
                <p>
                  Have you been gushing over the possibilities for the cute little nursery or area you want to create for your baby. The nesting phase is such a special time in the lead up to the arrival of your baby and choosing how to decorate your nursery can bring immense joy.
                </p>
                <p>
                  For the first several months your baby will most likely be in your bedroom at night time. A crib or a Moses basket is the ideal option as they are smaller than a cot therefore take up less space. They are also more enclosed which will hopefully help your little one with the transition into sleeping outside the womb.
                </p>
                <p>
                  A 
                  <a
                    href="https://www.mamasandpapas.com/en-gb/wicker-moses-basket-welcome-to-the-world/p/770035001"
                    rel="noopener noreferrer"
                    target="_blank"
                  >
                     Moses basket 
                  </a>
                   is a more traditional looking option and usually comes with a separate stand. They tend to generally be cheaper but its possible your baby will grow out of it quicker than a crib. The basket can be carried to other rooms if you want to easily transport baby and keep them close to you during the day. A 
                  <a
                    href="https://www.mamasandpapas.com/en-gb/pram-fitted-sheet-2-pack-white/p/776502702"
                    rel="noopener noreferrer"
                    target="_blank"
                  >
                     fitted pram sheet 
                  </a>
                   is the right size for this particular moses basket, but if you chose another it worth checking if a 
                  <a
                    href="https://www.mamasandpapas.com/en-gb/moses-fitted-sheets-pack-of-2-white/p/775502703"
                    rel="noopener noreferrer"
                    target="_blank"
                  >
                     moses fitted sheet 
                  </a>
                   is the right size.
                </p>
                <p>
                  A 
                  <a
                    href=" https://www.mamasandpapas.com/en-gb/snuzpod-3-bedside-crib-white/p/264402700"
                    rel="noopener noreferrer"
                    target="_blank"
                  >
                     sleep next to me crib 
                  </a>
                   gives you the added benefit of folding down the sides and attaching to your bed meaning your little one can be right next to you for easy night time feeding. The design means they will stay safe as you wont be able to roll on to them. A couple of 
                  <a
                    href="https://www.mamasandpapas.com/en-gb/crib-fitted-sheets-pack-of-2-white/p/777502702"
                    rel="noopener noreferrer"
                    target="_blank"
                  >
                     crib fitted sheets 
                  </a>
                   should be enough to get you started.
                </p>
                <p>
                  When you and your baby are ready you can make the transfer to a cot or cot bed. A 
                  <a
                    href="https://www.mamasandpapas.com/en-gb/dover-adjustable-cot-to-toddler-bed-white/p/cbdo02700"
                    rel="noopener noreferrer"
                    target="_blank"
                  >
                     cot bed 
                  </a>
                   is slightly bigger than a cot and has the ability to be converted into a small child’s bed. A 
                  <a
                    href="https://www.mamasandpapas.com/en-gb/dover-adjustable-height-cot-white/p/ctdo02701"
                    rel="noopener noreferrer"
                    target="_blank"
                  >
                     cot 
                  </a>
                   is a good option if you are short on space and it can still be used until they are around 2 years. If you choose one with inbuilt rail guards tit will help stop the teeth marks that are left by some babies when baby realise they can stand and chew. Remember to take note whether you need to buy cot bed size 
                  <a
                    href="https://www.mamasandpapas.com/en-gb/premium-pocket-spring-cotbed-mattress/p/prpsmcb01"
                    rel="noopener noreferrer"
                    target="_blank"
                  >
                     mattress 
                  </a>
                   and sheets or cot size 
                  <a
                    href="https://www.mamasandpapas.com/en-gb/pocket-sprung-premium-cot-mattress/p/prpsmmc00"
                    rel="noopener noreferrer"
                    target="_blank"
                  >
                     mattress 
                  </a>
                   and sheets. It’s also a good idea to have a 
                  <a
                    href="https://www.mamasandpapas.com/en-gb/anti-allergy-mattress-protector-cotbed/p/mc0002703"
                    rel="noopener noreferrer"
                    target="_blank"
                  >
                     mattress protector 
                  </a>
                   because of the inevitable dribbles and runny noses.
                </p>
                <p>
                  Using a sleeping bag gives great peace of mind that your baby will be at the right temperature and that they aren’t at risk of the covers going over their head when they wriggle about. If you wanted the option to swaddle your baby the 
                  <a
                    href="https://www.amazon.co.uk/Company-Grosnug-Swaddle-Newborn-Grobag/dp/B0114SQOR4"
                    rel="noopener noreferrer"
                    target="_blank"
                  >
                     Newborn Gro Bag 
                  </a>
                   gives you this option, alternatively you can go straight to a sleeping bag that is suitable for 0-6 months.  When choosing a 
                  <a
                    href="https://www.mamasandpapas.com/en-gb/millie-boris-0-6-month-dreampod-neutral/p/734045300"
                    rel="noopener noreferrer"
                    target="_blank"
                  >
                     sleeping bag 
                  </a>
                  , a good guidance is to opt for a light or 1.5 tog for a summer baby and for a winter baby go for a cosy or 2.5 tog. You could also try these beautiful bedding sets that give you the option of using a blanket or a sleeping bag. Write and link baby sleeping article?
                </p>
                <p>
                  A 
                  <a
                    href="https://www.johnlewis.com/john-lewis-partners-safari-mobile/p3439165"
                    rel="noopener noreferrer"
                    target="_blank"
                  >
                     mobile 
                  </a>
                   is the finishing touch to your cot and provides something for your baby to look at and explore when they wake up. Chose a design that goes with the theme of the nursery. Another simple idea to add some character to your room is decorate it with some removable wall 
                  <a
                    href="https://www.amazon.co.uk/Nursery-Stickers-Sticker-PD267-Direction/dp/B075J3RW4S/"
                    rel="noopener noreferrer"
                    target="_blank"
                  >
                     stickers 
                  </a>
                  .
                </p>
                <p>
                  A set of drawers or a 
                  <a
                    href="https://www.mamasandpapas.com/en-gb/dover-3-drawer-dresser-changer-unit-white/p/dcdo02700"
                    rel="noopener noreferrer"
                    target="_blank"
                  >
                     changing table 
                  </a>
                   with some storage will help save your back at changing time and will give you somewhere to organise all the things you need for changing time.
                </p>
                <p>
                  If you have the space you may want to buy a 
                  <a
                    href="https://www.mamasandpapas.com/en-gb/dover-2-door-nursery-wardrobe-white/p/wrdo02700"
                    rel="noopener noreferrer"
                    target="_blank"
                  >
                     wardrobe 
                  </a>
                   which can give you some hanging space as well as shelves to store blankets and toys. Keep an eye out for 
                  <a
                    href="https://www.mamasandpapas.com/en-gb/dover-3-piece-cot-bed-range-with-dresser-and-wardrobe-grey/p/rado46800"
                    rel="noopener noreferrer"
                    target="_blank"
                  >
                     bundle sets of furniture 
                  </a>
                   as an economical way to purchase those more expensive goods.
                </p>
                <p>
                  Having a chair that is comfortable to sit and feed your baby is really important as you will spend a lot of time cradling and feeding, especially late at night. Although it’s not essential to buy a specially designed 
                  <a
                    href="https://www.mamasandpapas.com/en-gb/hilston-nursing-chair-duck-egg/p/chnsoa100"
                    rel="noopener noreferrer"
                    target="_blank"
                  >
                     nursing chair 
                  </a>
                  , the benefits of having one is that they are designed with feeding and cradling in mind. For the ultimate comfort you can even get a 
                  <a
                    href="https://www.mamasandpapas.com/en-gb/hilston-nursery-footstool-sand/p/slnsoa100"
                    rel="noopener noreferrer"
                    target="_blank"
                  >
                     footstool 
                  </a>
                   to go with it.
                </p>
                <p>
                  A sleep pod is a cosy and safe place for your baby to sleep, rest or play. Its easy to transport around the house and I can even be used as a changing mat.
                </p>
                <p>
                  For those night time feeds and nappy changes its good to keep the lights soft and low so your little one stays relaxed and understands its still sleep time. This 
                  <a
                    href="https://www.amazon.co.uk/VAVA-Charging-Rechargeable-Bedside-Breastfeeding/dp/B07JNHJFVP/"
                    rel="noopener noreferrer"
                    target="_blank"
                  >
                     night light 
                  </a>
                   has enough settings to give you a brighter light for changing or reading and a nice low setting for feeding. It is also portable, baby safe and has a charging dock for easy charging.
                </p>
                <p>
                  A 
                  <a
                    href="https://www.amazon.co.uk/Company-Groegg-Colour-Changing-Thermometer/dp/B002B55BN8"
                    rel="noopener noreferrer"
                    target="_blank"
                  >
                     room thermometer 
                  </a>
                   will allow you to see the temperature of your room and adjust the sleeping blankets or bags accordingly. Some baby monitors come with a built in thermometer, something to keep in mind when deciding if you need a separate room thermometer.
                </p>
                <p>
                  There are many baby monitors on the market. The simplest type allows you to 
                  <a
                    href="https://www.amazon.co.uk/Digital-Audio-Baby-Monitor-400/dp/B01MR3CP9L/"
                    rel="noopener noreferrer"
                    target="_blank"
                  >
                     listen 
                  </a>
                   to your baby and arguably that is all you need. However, it can be comforting to look at your baby when you hear a noise or you just want to check on them and for that you can have a 
                  <a
                    href="https://www.amazon.co.uk/HELLO-BABY-Wireless-Temperature-Monitoring/dp/B071FJPY7G"
                    rel="noopener noreferrer"
                    target="_blank"
                  >
                     baby monitor with a camera 
                  </a>
                  .
                </p>
              </div>
            </div>
          </div>
        </div>
      </div>
      <div
        className="makeStyles-section-284"
      >
        <div
          className="MuiGrid-root makeStyles-grid-179  MuiGrid-container MuiGrid-justify-xs-center"
        >
          <div
            className="MuiGrid-root makeStyles-grid-283  MuiGrid-item MuiGrid-grid-xs-12 MuiGrid-grid-sm-10 MuiGrid-grid-md-10"
          >
            <h3
              className="makeStyles-title-285"
            >
              Shop The Story
            </h3>
            <div
              className="MuiGrid-root makeStyles-grid-179  MuiGrid-container"
            >
              <div
                className="MuiGrid-root makeStyles-grid-283  MuiGrid-item MuiGrid-grid-xs-12 MuiGrid-grid-sm-4 MuiGrid-grid-md-4"
              >
                <div
                  className="makeStyles-card-291 makeStyles-cardPlain-292 makeStyles-cardProduct-299"
                >
                  <div
                    className="makeStyles-cardHeader-306 makeStyles-cardHeaderImage-308 makeStyles-noShadow-309"
                  >
                    <a
                      href="https://www.mamasandpapas.com/en-gb/wicker-moses-basket-welcome-to-the-world/p/770035001"
                      rel="noopener noreferrer"
                      target="_blank"
                    >
                      <img
                        alt=".."
                        className="makeStyles-productImage-286"
                        src="https://media.mamasandpapas.com/i/mamasandpapas/770035000_WTTW_Moses_Basket/Nursery/Nursery+Decor/Decor+Collections/Welcome+To+The+World?$pdpimagemobile$"
                      />
                    </a>
                  </div>
                  <div
                    className="makeStyles-cardBody-318 makeStyles-cardBodyPlain-320"
                  >
                    <a
                      href="https://www.mamasandpapas.com/en-gb/wicker-moses-basket-welcome-to-the-world/p/770035001"
                      rel="noopener noreferrer"
                      target="_blank"
                    >
                      <h4
                        className="makeStyles-cardTitle-287"
                      >
                        Mamas & Papas
                      </h4>
                    </a>
                    <p
                      className="makeStyles-description-288"
                    >
                      Wicker Moses Basket - Welcome to the World.
                    </p>
                    <div
                      className="makeStyles-priceContainer-289"
                    >
                      <span
                        className="makeStyles-price-290"
                      >
                         
                        £74.25
                      </span>
                    </div>
                  </div>
                </div>
              </div>
              <div
                className="MuiGrid-root makeStyles-grid-283  MuiGrid-item MuiGrid-grid-xs-12 MuiGrid-grid-sm-4 MuiGrid-grid-md-4"
              >
                <div
                  className="makeStyles-card-291 makeStyles-cardPlain-292 makeStyles-cardProduct-299"
                >
                  <div
                    className="makeStyles-cardHeader-306 makeStyles-cardHeaderImage-308 makeStyles-noShadow-309"
                  >
                    <a
                      href="https://www.mamasandpapas.com/en-gb/pram-fitted-sheet-2-pack-white/p/776502702"
                      rel="noopener noreferrer"
                      target="_blank"
                    >
                      <img
                        alt=".."
                        className="makeStyles-productImage-286"
                        src="https://media.mamasandpapas.com/i/mamasandpapas/775502701_Cotbed_Fitted_Sheets_White/Nursery/Nursery+Bedding/Baby+Bedding?$pdpimagemobile$"
                      />
                    </a>
                  </div>
                  <div
                    className="makeStyles-cardBody-318 makeStyles-cardBodyPlain-320"
                  >
                    <a
                      href="https://www.mamasandpapas.com/en-gb/pram-fitted-sheet-2-pack-white/p/776502702"
                      rel="noopener noreferrer"
                      target="_blank"
                    >
                      <h4
                        className="makeStyles-cardTitle-287"
                      >
                        Mamas & Papas
                      </h4>
                    </a>
                    <p
                      className="makeStyles-description-288"
                    >
                      Pram Fitted Sheet (2 pack) - White.
                    </p>
                    <div
                      className="makeStyles-priceContainer-289"
                    >
                      <span
                        className="makeStyles-price-290"
                      >
                         
                        £15
                      </span>
                    </div>
                  </div>
                </div>
              </div>
              <div
                className="MuiGrid-root makeStyles-grid-283  MuiGrid-item MuiGrid-grid-xs-12 MuiGrid-grid-sm-4 MuiGrid-grid-md-4"
              >
                <div
                  className="makeStyles-card-291 makeStyles-cardPlain-292 makeStyles-cardProduct-299"
                >
                  <div
                    className="makeStyles-cardHeader-306 makeStyles-cardHeaderImage-308 makeStyles-noShadow-309"
                  >
                    <a
                      href="https://www.mamasandpapas.com/en-gb/moses-fitted-sheets-pack-of-2-white/p/775502703"
                      rel="noopener noreferrer"
                      target="_blank"
                    >
                      <img
                        alt=".."
                        className="makeStyles-productImage-286"
                        src="https://media.mamasandpapas.com/i/mamasandpapas/775502701_Cotbed_Fitted_Sheets_White/Nursery/Nursery+Bedding/Baby+Bedding?$pdpimagemobile$"
                      />
                    </a>
                  </div>
                  <div
                    className="makeStyles-cardBody-318 makeStyles-cardBodyPlain-320"
                  >
                    <a
                      href="https://www.mamasandpapas.com/en-gb/moses-fitted-sheets-pack-of-2-white/p/775502703"
                      rel="noopener noreferrer"
                      target="_blank"
                    >
                      <h4
                        className="makeStyles-cardTitle-287"
                      >
                        Mamas & Papas
                      </h4>
                    </a>
                    <p
                      className="makeStyles-description-288"
                    >
                      Moses Fitted Sheets (Pack of 2) - White.
                    </p>
                    <div
                      className="makeStyles-priceContainer-289"
                    >
                      <span
                        className="makeStyles-price-290"
                      >
                         
                        £9
                      </span>
                    </div>
                  </div>
                </div>
              </div>
              <div
                className="MuiGrid-root makeStyles-grid-283  MuiGrid-item MuiGrid-grid-xs-12 MuiGrid-grid-sm-4 MuiGrid-grid-md-4"
              >
                <div
                  className="makeStyles-card-291 makeStyles-cardPlain-292 makeStyles-cardProduct-299"
                >
                  <div
                    className="makeStyles-cardHeader-306 makeStyles-cardHeaderImage-308 makeStyles-noShadow-309"
                  >
                    <a
                      href="https://www.mamasandpapas.com/en-gb/snuzpod-3-bedside-crib-white/p/264402700"
                      rel="noopener noreferrer"
                      target="_blank"
                    >
                      <img
                        alt=".."
                        className="makeStyles-productImage-286"
                        src="https://media.mamasandpapas.com/i/mamasandpapas/264402700_1/Nursery/Nursery+Furniture/Cots+%26+Cot+Beds?$pdpimagemobile$"
                      />
                    </a>
                  </div>
                  <div
                    className="makeStyles-cardBody-318 makeStyles-cardBodyPlain-320"
                  >
                    <a
                      href="https://www.mamasandpapas.com/en-gb/snuzpod-3-bedside-crib-white/p/264402700"
                      rel="noopener noreferrer"
                      target="_blank"
                    >
                      <h4
                        className="makeStyles-cardTitle-287"
                      >
                        Snuzpod
                      </h4>
                    </a>
                    <p
                      className="makeStyles-description-288"
                    >
                      Snuzpod 3 Bedside Crib - White.
                    </p>
                    <div
                      className="makeStyles-priceContainer-289"
                    >
                      <span
                        className="makeStyles-price-290"
                      >
                         
                        £199.95
                      </span>
                    </div>
                  </div>
                </div>
              </div>
              <div
                className="MuiGrid-root makeStyles-grid-283  MuiGrid-item MuiGrid-grid-xs-12 MuiGrid-grid-sm-4 MuiGrid-grid-md-4"
              >
                <div
                  className="makeStyles-card-291 makeStyles-cardPlain-292 makeStyles-cardProduct-299"
                >
                  <div
                    className="makeStyles-cardHeader-306 makeStyles-cardHeaderImage-308 makeStyles-noShadow-309"
                  >
                    <a
                      href="https://www.mamasandpapas.com/en-gb/crib-fitted-sheets-pack-of-2-white/p/777502702"
                      rel="noopener noreferrer"
                      target="_blank"
                    >
                      <img
                        alt=".."
                        className="makeStyles-productImage-286"
                        src="https://media.mamasandpapas.com/i/mamasandpapas/775502701_Cotbed_Fitted_Sheets_White/Nursery/Nursery+Bedding/Baby+Bedding?$pdpimagemobile$"
                      />
                    </a>
                  </div>
                  <div
                    className="makeStyles-cardBody-318 makeStyles-cardBodyPlain-320"
                  >
                    <a
                      href="https://www.mamasandpapas.com/en-gb/crib-fitted-sheets-pack-of-2-white/p/777502702"
                      rel="noopener noreferrer"
                      target="_blank"
                    >
                      <h4
                        className="makeStyles-cardTitle-287"
                      >
                        Mamas & Papas
                      </h4>
                    </a>
                    <p
                      className="makeStyles-description-288"
                    >
                      Crib Fitted Sheets (Pack of 2) - White.
                    </p>
                    <div
                      className="makeStyles-priceContainer-289"
                    >
                      <span
                        className="makeStyles-price-290"
                      >
                         
                        £11.25
                      </span>
                    </div>
                  </div>
                </div>
              </div>
              <div
                className="MuiGrid-root makeStyles-grid-283  MuiGrid-item MuiGrid-grid-xs-12 MuiGrid-grid-sm-4 MuiGrid-grid-md-4"
              >
                <div
                  className="makeStyles-card-291 makeStyles-cardPlain-292 makeStyles-cardProduct-299"
                >
                  <div
                    className="makeStyles-cardHeader-306 makeStyles-cardHeaderImage-308 makeStyles-noShadow-309"
                  >
                    <a
                      href="https://www.mamasandpapas.com/en-gb/dover-adjustable-cot-to-toddler-bed-white/p/cbdo02700"
                      rel="noopener noreferrer"
                      target="_blank"
                    >
                      <img
                        alt=".."
                        className="makeStyles-productImage-286"
                        src="https://media.mamasandpapas.com/i/mamasandpapas/CBDO02700_LS_3/Nursery/Nursery+Furniture/Furniture+Collections/Dover?$pdpimagemobile$"
                      />
                    </a>
                  </div>
                  <div
                    className="makeStyles-cardBody-318 makeStyles-cardBodyPlain-320"
                  >
                    <a
                      href="https://www.mamasandpapas.com/en-gb/dover-adjustable-cot-to-toddler-bed-white/p/cbdo02700"
                      rel="noopener noreferrer"
                      target="_blank"
                    >
                      <h4
                        className="makeStyles-cardTitle-287"
                      >
                        Mamas & Papas
                      </h4>
                    </a>
                    <p
                      className="makeStyles-description-288"
                    >
                      Dover Adjustable Cot to Toddler Bed - White.
                    </p>
                    <div
                      className="makeStyles-priceContainer-289"
                    >
                      <span
                        className="makeStyles-price-290"
                      >
                         
                        £269.10
                      </span>
                    </div>
                  </div>
                </div>
              </div>
              <div
                className="MuiGrid-root makeStyles-grid-283  MuiGrid-item MuiGrid-grid-xs-12 MuiGrid-grid-sm-4 MuiGrid-grid-md-4"
              >
                <div
                  className="makeStyles-card-291 makeStyles-cardPlain-292 makeStyles-cardProduct-299"
                >
                  <div
                    className="makeStyles-cardHeader-306 makeStyles-cardHeaderImage-308 makeStyles-noShadow-309"
                  >
                    <a
                      href="https://www.mamasandpapas.com/en-gb/premium-pocket-spring-cotbed-mattress/p/prpsmcb01"
                      rel="noopener noreferrer"
                      target="_blank"
                    >
                      <img
                        alt=".."
                        className="makeStyles-productImage-286"
                        src="https://media.mamasandpapas.com/i/mamasandpapas/PRPSMMC01_Premium_PLspring/Nursery/Mattresses/All+Mattresses+%26+Covers/Cot+Bed+Mattresses?$pdpimagemobile$"
                      />
                    </a>
                  </div>
                  <div
                    className="makeStyles-cardBody-318 makeStyles-cardBodyPlain-320"
                  >
                    <a
                      href="https://www.mamasandpapas.com/en-gb/premium-pocket-spring-cotbed-mattress/p/prpsmcb01"
                      rel="noopener noreferrer"
                      target="_blank"
                    >
                      <h4
                        className="makeStyles-cardTitle-287"
                      >
                        Mamas & Papas
                      </h4>
                    </a>
                    <p
                      className="makeStyles-description-288"
                    >
                      Premium Pocket Spring Cotbed Mattress.
                    </p>
                    <div
                      className="makeStyles-priceContainer-289"
                    >
                      <span
                        className="makeStyles-price-290"
                      >
                         
                        £126.65
                      </span>
                    </div>
                  </div>
                </div>
              </div>
              <div
                className="MuiGrid-root makeStyles-grid-283  MuiGrid-item MuiGrid-grid-xs-12 MuiGrid-grid-sm-4 MuiGrid-grid-md-4"
              >
                <div
                  className="makeStyles-card-291 makeStyles-cardPlain-292 makeStyles-cardProduct-299"
                >
                  <div
                    className="makeStyles-cardHeader-306 makeStyles-cardHeaderImage-308 makeStyles-noShadow-309"
                  >
                    <a
                      href="https://www.mamasandpapas.com/en-gb/dover-adjustable-height-cot-white/p/ctdo02701"
                      rel="noopener noreferrer"
                      target="_blank"
                    >
                      <img
                        alt=".."
                        className="makeStyles-productImage-286"
                        src="https://media.mamasandpapas.com/i/mamasandpapas/CTDO02701_1/Nursery/Nursery+Furniture/Furniture+Collections/Dover?$pdpimagemobile$"
                      />
                    </a>
                  </div>
                  <div
                    className="makeStyles-cardBody-318 makeStyles-cardBodyPlain-320"
                  >
                    <a
                      href="https://www.mamasandpapas.com/en-gb/dover-adjustable-height-cot-white/p/ctdo02701"
                      rel="noopener noreferrer"
                      target="_blank"
                    >
                      <h4
                        className="makeStyles-cardTitle-287"
                      >
                        Mamas & Papas
                      </h4>
                    </a>
                    <p
                      className="makeStyles-description-288"
                    >
                      Dover Adjustable Height Cot - White.
                    </p>
                    <div
                      className="makeStyles-priceContainer-289"
                    >
                      <span
                        className="makeStyles-price-290"
                      >
                         
                        £161.10
                      </span>
                    </div>
                  </div>
                </div>
              </div>
              <div
                className="MuiGrid-root makeStyles-grid-283  MuiGrid-item MuiGrid-grid-xs-12 MuiGrid-grid-sm-4 MuiGrid-grid-md-4"
              >
                <div
                  className="makeStyles-card-291 makeStyles-cardPlain-292 makeStyles-cardProduct-299"
                >
                  <div
                    className="makeStyles-cardHeader-306 makeStyles-cardHeaderImage-308 makeStyles-noShadow-309"
                  >
                    <a
                      href="https://www.mamasandpapas.com/en-gb/pocket-sprung-premium-cot-mattress/p/prpsmmc00"
                      rel="noopener noreferrer"
                      target="_blank"
                    >
                      <img
                        alt=".."
                        className="makeStyles-productImage-286"
                        src="https://media.mamasandpapas.com/i/mamasandpapas/PRPSMMC00_N/Offers/Clearance/Furniture+Clearance?$pdpimagemobile$"
                      />
                    </a>
                  </div>
                  <div
                    className="makeStyles-cardBody-318 makeStyles-cardBodyPlain-320"
                  >
                    <a
                      href="https://www.mamasandpapas.com/en-gb/pocket-sprung-premium-cot-mattress/p/prpsmmc00"
                      rel="noopener noreferrer"
                      target="_blank"
                    >
                      <h4
                        className="makeStyles-cardTitle-287"
                      >
                        Mamas & Papas
                      </h4>
                    </a>
                    <p
                      className="makeStyles-description-288"
                    >
                      Pocket Sprung Premium Cot Mattress.
                    </p>
                    <div
                      className="makeStyles-priceContainer-289"
                    >
                      <span
                        className="makeStyles-price-290"
                      >
                         
                        £69.30
                      </span>
                    </div>
                  </div>
                </div>
              </div>
              <div
                className="MuiGrid-root makeStyles-grid-283  MuiGrid-item MuiGrid-grid-xs-12 MuiGrid-grid-sm-4 MuiGrid-grid-md-4"
              >
                <div
                  className="makeStyles-card-291 makeStyles-cardPlain-292 makeStyles-cardProduct-299"
                >
                  <div
                    className="makeStyles-cardHeader-306 makeStyles-cardHeaderImage-308 makeStyles-noShadow-309"
                  >
                    <a
                      href="https://www.mamasandpapas.com/en-gb/anti-allergy-mattress-protector-cotbed/p/mc0002703"
                      rel="noopener noreferrer"
                      target="_blank"
                    >
                      <img
                        alt=".."
                        className="makeStyles-productImage-286"
                        src="https://media.mamasandpapas.com/i/mamasandpapas/MC0002700_baby-bedding_terry_protector/Nursery/Mattresses/Mattress+Protectors+%26+Covers?$pdpimagemobile$"
                      />
                    </a>
                  </div>
                  <div
                    className="makeStyles-cardBody-318 makeStyles-cardBodyPlain-320"
                  >
                    <a
                      href="https://www.mamasandpapas.com/en-gb/anti-allergy-mattress-protector-cotbed/p/mc0002703"
                      rel="noopener noreferrer"
                      target="_blank"
                    >
                      <h4
                        className="makeStyles-cardTitle-287"
                      >
                        Mamas & Papas
                      </h4>
                    </a>
                    <p
                      className="makeStyles-description-288"
                    >
                      Anti-allergy Mattress Protector (Cotbed).
                    </p>
                    <div
                      className="makeStyles-priceContainer-289"
                    >
                      <span
                        className="makeStyles-price-290"
                      >
                         
                        £14.25
                      </span>
                    </div>
                  </div>
                </div>
              </div>
              <div
                className="MuiGrid-root makeStyles-grid-283  MuiGrid-item MuiGrid-grid-xs-12 MuiGrid-grid-sm-4 MuiGrid-grid-md-4"
              >
                <div
                  className="makeStyles-card-291 makeStyles-cardPlain-292 makeStyles-cardProduct-299"
                >
                  <div
                    className="makeStyles-cardHeader-306 makeStyles-cardHeaderImage-308 makeStyles-noShadow-309"
                  >
                    <a
                      href="https://www.mamasandpapas.com/en-gb/dream-upon-a-cloud-nursery-bundle/p/z90936300"
                      rel="noopener noreferrer"
                      target="_blank"
                    >
                      <img
                        alt=".."
                        className="makeStyles-productImage-286"
                        src="https://media.mamasandpapas.com/i/mamasandpapas/Z90936300_BUMPER_NEW/Nursery/Nursery+Decor/Decor+Collections/Dream+Upon+A+Cloud?$pdpimagemobile$"
                      />
                    </a>
                  </div>
                  <div
                    className="makeStyles-cardBody-318 makeStyles-cardBodyPlain-320"
                  >
                    <a
                      href="https://www.mamasandpapas.com/en-gb/dream-upon-a-cloud-nursery-bundle/p/z90936300"
                      rel="noopener noreferrer"
                      target="_blank"
                    >
                      <h4
                        className="makeStyles-cardTitle-287"
                      >
                        Mamas & Papas
                      </h4>
                    </a>
                    <p
                      className="makeStyles-description-288"
                    >
                      Dream Upon a Cloud Nursery Bundle.
                    </p>
                    <div
                      className="makeStyles-priceContainer-289"
                    >
                      <span
                        className="makeStyles-price-290"
                      >
                         
                        £175
                      </span>
                    </div>
                  </div>
                </div>
              </div>
              <div
                className="MuiGrid-root makeStyles-grid-283  MuiGrid-item MuiGrid-grid-xs-12 MuiGrid-grid-sm-4 MuiGrid-grid-md-4"
              >
                <div
                  className="makeStyles-card-291 makeStyles-cardPlain-292 makeStyles-cardProduct-299"
                >
                  <div
                    className="makeStyles-cardHeader-306 makeStyles-cardHeaderImage-308 makeStyles-noShadow-309"
                  >
                    <a
                      href="https://www.mamasandpapas.com/en-gb/millie-boris-nursery-bundle-pink/p/z909h6900"
                      rel="noopener noreferrer"
                      target="_blank"
                    >
                      <img
                        alt=".."
                        className="makeStyles-productImage-286"
                        src="https://media.mamasandpapas.com/i/mamasandpapas/Z909H6900_NEW/Nursery/Nursery+Decor/Decor+Collections/Millie+%26+Boris+Girls?$pdpimagemobile$"
                      />
                    </a>
                  </div>
                  <div
                    className="makeStyles-cardBody-318 makeStyles-cardBodyPlain-320"
                  >
                    <a
                      href="https://www.mamasandpapas.com/en-gb/millie-boris-nursery-bundle-pink/p/z909h6900"
                      rel="noopener noreferrer"
                      target="_blank"
                    >
                      <h4
                        className="makeStyles-cardTitle-287"
                      >
                        Mamas & Papas
                      </h4>
                    </a>
                    <p
                      className="makeStyles-description-288"
                    >
                      Millie & Boris Nursery Bundle - Pink.
                    </p>
                    <div
                      className="makeStyles-priceContainer-289"
                    >
                      <span
                        className="makeStyles-price-290"
                      >
                         
                        £200
                      </span>
                    </div>
                  </div>
                </div>
              </div>
              <div
                className="MuiGrid-root makeStyles-grid-283  MuiGrid-item MuiGrid-grid-xs-12 MuiGrid-grid-sm-4 MuiGrid-grid-md-4"
              >
                <div
                  className="makeStyles-card-291 makeStyles-cardPlain-292 makeStyles-cardProduct-299"
                >
                  <div
                    className="makeStyles-cardHeader-306 makeStyles-cardHeaderImage-308 makeStyles-noShadow-309"
                  >
                    <a
                      href="https://www.amazon.co.uk/Company-Grosnug-Swaddle-Newborn-Grobag/dp/B0114SQOR4"
                      rel="noopener noreferrer"
                      target="_blank"
                    >
                      <img
                        alt=".."
                        className="makeStyles-productImage-286"
                        src="https://images-na.ssl-images-amazon.com/images/I/61FYuA7Y9nL._SY355_.jpg"
                      />
                    </a>
                  </div>
                  <div
                    className="makeStyles-cardBody-318 makeStyles-cardBodyPlain-320"
                  >
                    <a
                      href="https://www.amazon.co.uk/Company-Grosnug-Swaddle-Newborn-Grobag/dp/B0114SQOR4"
                      rel="noopener noreferrer"
                      target="_blank"
                    >
                      <h4
                        className="makeStyles-cardTitle-287"
                      >
                        The Gro Company
                      </h4>
                    </a>
                    <p
                      className="makeStyles-description-288"
                    >
                      The Gro Company Grey Marl Grosnug 2-in-1 Swaddle and Newborn Grobag, 0-3 Months, Cosy.
                    </p>
                    <div
                      className="makeStyles-priceContainer-289"
                    >
                      <span
                        className="makeStyles-price-290"
                      >
                         
                        £25.50
                      </span>
                    </div>
                  </div>
                </div>
              </div>
              <div
                className="MuiGrid-root makeStyles-grid-283  MuiGrid-item MuiGrid-grid-xs-12 MuiGrid-grid-sm-4 MuiGrid-grid-md-4"
              >
                <div
                  className="makeStyles-card-291 makeStyles-cardPlain-292 makeStyles-cardProduct-299"
                >
                  <div
                    className="makeStyles-cardHeader-306 makeStyles-cardHeaderImage-308 makeStyles-noShadow-309"
                  >
                    <a
                      href="https://www.johnlewis.com/john-lewis-partners-safari-mobile/p3439165"
                      rel="noopener noreferrer"
                      target="_blank"
                    >
                      <img
                        alt=".."
                        className="makeStyles-productImage-286"
                        src="https://johnlewis.scene7.com/is/image/JohnLewis/237244063?$rsp-pdp-port-640$"
                      />
                    </a>
                  </div>
                  <div
                    className="makeStyles-cardBody-318 makeStyles-cardBodyPlain-320"
                  >
                    <a
                      href="https://www.johnlewis.com/john-lewis-partners-safari-mobile/p3439165"
                      rel="noopener noreferrer"
                      target="_blank"
                    >
                      <h4
                        className="makeStyles-cardTitle-287"
                      >
                        John Lewis & Partners
                      </h4>
                    </a>
                    <p
                      className="makeStyles-description-288"
                    >
                      John Lewis & Partners Safari Mobile.
                    </p>
                    <div
                      className="makeStyles-priceContainer-289"
                    >
                      <span
                        className="makeStyles-price-290"
                      >
                         
                        £30.00
                      </span>
                    </div>
                  </div>
                </div>
              </div>
              <div
                className="MuiGrid-root makeStyles-grid-283  MuiGrid-item MuiGrid-grid-xs-12 MuiGrid-grid-sm-4 MuiGrid-grid-md-4"
              >
                <div
                  className="makeStyles-card-291 makeStyles-cardPlain-292 makeStyles-cardProduct-299"
                >
                  <div
                    className="makeStyles-cardHeader-306 makeStyles-cardHeaderImage-308 makeStyles-noShadow-309"
                  >
                    <a
                      href="https://www.amazon.co.uk/Nursery-Stickers-Sticker-PD267-Direction/dp/B075J3RW4S"
                      rel="noopener noreferrer"
                      target="_blank"
                    >
                      <img
                        alt=".."
                        className="makeStyles-productImage-286"
                        src="https://images-na.ssl-images-amazon.com/images/I/51nDSDggZKL._SY355_.jpg"
                      />
                    </a>
                  </div>
                  <div
                    className="makeStyles-cardBody-318 makeStyles-cardBodyPlain-320"
                  >
                    <a
                      href="https://www.amazon.co.uk/Nursery-Stickers-Sticker-PD267-Direction/dp/B075J3RW4S"
                      rel="noopener noreferrer"
                      target="_blank"
                    >
                      <h4
                        className="makeStyles-cardTitle-287"
                      >
                        Infinity Wall Art Ltd
                      </h4>
                    </a>
                    <p
                      className="makeStyles-description-288"
                    >
                      Nursery Tree Wall Stickers Animal Monkey Jungle Safari Kids Wall Art Decals Sticker.
                    </p>
                    <div
                      className="makeStyles-priceContainer-289"
                    >
                      <span
                        className="makeStyles-price-290"
                      >
                         
                        £19.99
                      </span>
                    </div>
                  </div>
                </div>
              </div>
              <div
                className="MuiGrid-root makeStyles-grid-283  MuiGrid-item MuiGrid-grid-xs-12 MuiGrid-grid-sm-4 MuiGrid-grid-md-4"
              >
                <div
                  className="makeStyles-card-291 makeStyles-cardPlain-292 makeStyles-cardProduct-299"
                >
                  <div
                    className="makeStyles-cardHeader-306 makeStyles-cardHeaderImage-308 makeStyles-noShadow-309"
                  >
                    <a
                      href="https://www.mamasandpapas.com/en-gb/dover-3-drawer-dresser-changer-unit-white/p/dcdo02700"
                      rel="noopener noreferrer"
                      target="_blank"
                    >
                      <img
                        alt=".."
                        className="makeStyles-productImage-286"
                        src="https://media.mamasandpapas.com/i/mamasandpapas/DCDO02700_LS_1/Nursery/Nursery+Furniture/Furniture+Collections/Dover?$pdpimagemobile$"
                      />
                    </a>
                  </div>
                  <div
                    className="makeStyles-cardBody-318 makeStyles-cardBodyPlain-320"
                  >
                    <a
                      href="https://www.mamasandpapas.com/en-gb/dover-3-drawer-dresser-changer-unit-white/p/dcdo02700"
                      rel="noopener noreferrer"
                      target="_blank"
                    >
                      <h4
                        className="makeStyles-cardTitle-287"
                      >
                        Mamas & Papas
                      </h4>
                    </a>
                    <p
                      className="makeStyles-description-288"
                    >
                      Dover 3 Drawer Dresser & Changer Unit - White.
                    </p>
                    <div
                      className="makeStyles-priceContainer-289"
                    >
                      <span
                        className="makeStyles-price-290"
                      >
                         
                        £279.00
                      </span>
                    </div>
                  </div>
                </div>
              </div>
              <div
                className="MuiGrid-root makeStyles-grid-283  MuiGrid-item MuiGrid-grid-xs-12 MuiGrid-grid-sm-4 MuiGrid-grid-md-4"
              >
                <div
                  className="makeStyles-card-291 makeStyles-cardPlain-292 makeStyles-cardProduct-299"
                >
                  <div
                    className="makeStyles-cardHeader-306 makeStyles-cardHeaderImage-308 makeStyles-noShadow-309"
                  >
                    <a
                      href="https://www.mamasandpapas.com/en-gb/dover-2-door-nursery-wardrobe-white/p/wrdo02700"
                      rel="noopener noreferrer"
                      target="_blank"
                    >
                      <img
                        alt=".."
                        className="makeStyles-productImage-286"
                        src="https://media.mamasandpapas.com/i/mamasandpapas/WRDO02700_LS_1/Nursery/Nursery+Furniture/Furniture+Collections/Dover?$pdpimagemobile$"
                      />
                    </a>
                  </div>
                  <div
                    className="makeStyles-cardBody-318 makeStyles-cardBodyPlain-320"
                  >
                    <a
                      href="https://www.mamasandpapas.com/en-gb/dover-2-door-nursery-wardrobe-white/p/wrdo02700"
                      rel="noopener noreferrer"
                      target="_blank"
                    >
                      <h4
                        className="makeStyles-cardTitle-287"
                      >
                        Mamas & Papas
                      </h4>
                    </a>
                    <p
                      className="makeStyles-description-288"
                    >
                      Dover 2 Door Nursery Wardrobe - White.
                    </p>
                    <div
                      className="makeStyles-priceContainer-289"
                    >
                      <span
                        className="makeStyles-price-290"
                      >
                         
                        £297.00
                      </span>
                    </div>
                  </div>
                </div>
              </div>
              <div
                className="MuiGrid-root makeStyles-grid-283  MuiGrid-item MuiGrid-grid-xs-12 MuiGrid-grid-sm-4 MuiGrid-grid-md-4"
              >
                <div
                  className="makeStyles-card-291 makeStyles-cardPlain-292 makeStyles-cardProduct-299"
                >
                  <div
                    className="makeStyles-cardHeader-306 makeStyles-cardHeaderImage-308 makeStyles-noShadow-309"
                  >
                    <a
                      href="https://www.mamasandpapas.com/en-gb/dover-3-piece-cot-bed-range-with-dresser-and-wardrobe-grey/p/rado46800"
                      rel="noopener noreferrer"
                      target="_blank"
                    >
                      <img
                        alt=".."
                        className="makeStyles-productImage-286"
                        src="https://media.mamasandpapas.com/i/mamasandpapas/rado46800_dover_cotbed_grey_3_piece/Nursery/Nursery+Furniture/Furniture+Collections/Dover?$pdpimagemobile$"
                      />
                    </a>
                  </div>
                  <div
                    className="makeStyles-cardBody-318 makeStyles-cardBodyPlain-320"
                  >
                    <a
                      href="https://www.mamasandpapas.com/en-gb/dover-3-piece-cot-bed-range-with-dresser-and-wardrobe-grey/p/rado46800"
                      rel="noopener noreferrer"
                      target="_blank"
                    >
                      <h4
                        className="makeStyles-cardTitle-287"
                      >
                        Mamas & Papas
                      </h4>
                    </a>
                    <p
                      className="makeStyles-description-288"
                    >
                      Dover 3 Piece Cot Bed Range with Dresser and Wardrobe - Grey.
                    </p>
                    <div
                      className="makeStyles-priceContainer-289"
                    >
                      <span
                        className="makeStyles-price-290"
                      >
                         
                        £719.00
                      </span>
                    </div>
                  </div>
                </div>
              </div>
              <div
                className="MuiGrid-root makeStyles-grid-283  MuiGrid-item MuiGrid-grid-xs-12 MuiGrid-grid-sm-4 MuiGrid-grid-md-4"
              >
                <div
                  className="makeStyles-card-291 makeStyles-cardPlain-292 makeStyles-cardProduct-299"
                >
                  <div
                    className="makeStyles-cardHeader-306 makeStyles-cardHeaderImage-308 makeStyles-noShadow-309"
                  >
                    <a
                      href="https://www.mamasandpapas.com/en-gb/hilston-nursing-chair-duck-egg/p/chnsoa100"
                      rel="noopener noreferrer"
                      target="_blank"
                    >
                      <img
                        alt=".."
                        className="makeStyles-productImage-286"
                        src="https://media.mamasandpapas.com/i/mamasandpapas/CHNSOA100_LS_5/Nursery/Nursery+Furniture?$pdpimagemobile$"
                      />
                    </a>
                  </div>
                  <div
                    className="makeStyles-cardBody-318 makeStyles-cardBodyPlain-320"
                  >
                    <a
                      href="https://www.mamasandpapas.com/en-gb/hilston-nursing-chair-duck-egg/p/chnsoa100"
                      rel="noopener noreferrer"
                      target="_blank"
                    >
                      <h4
                        className="makeStyles-cardTitle-287"
                      >
                        Mamas & Papas
                      </h4>
                    </a>
                    <p
                      className="makeStyles-description-288"
                    >
                      Hilston Nursing Chair - Silver.
                    </p>
                    <div
                      className="makeStyles-priceContainer-289"
                    >
                      <span
                        className="makeStyles-price-290"
                      >
                         
                        £499.00
                      </span>
                    </div>
                  </div>
                </div>
              </div>
              <div
                className="MuiGrid-root makeStyles-grid-283  MuiGrid-item MuiGrid-grid-xs-12 MuiGrid-grid-sm-4 MuiGrid-grid-md-4"
              >
                <div
                  className="makeStyles-card-291 makeStyles-cardPlain-292 makeStyles-cardProduct-299"
                >
                  <div
                    className="makeStyles-cardHeader-306 makeStyles-cardHeaderImage-308 makeStyles-noShadow-309"
                  >
                    <a
                      href="https://www.mamasandpapas.com/en-gb/hilston-nursery-footstool-sand/p/slnsoa100"
                      rel="noopener noreferrer"
                      target="_blank"
                    >
                      <img
                        alt=".."
                        className="makeStyles-productImage-286"
                        src="https://media.mamasandpapas.com/i/mamasandpapas/SLNSOA100_LS_2?$pdpimagemobile$"
                      />
                    </a>
                  </div>
                  <div
                    className="makeStyles-cardBody-318 makeStyles-cardBodyPlain-320"
                  >
                    <a
                      href="https://www.mamasandpapas.com/en-gb/hilston-nursery-footstool-sand/p/slnsoa100"
                      rel="noopener noreferrer"
                      target="_blank"
                    >
                      <h4
                        className="makeStyles-cardTitle-287"
                      >
                        Mamas & Papas
                      </h4>
                    </a>
                    <p
                      className="makeStyles-description-288"
                    >
                      Hilston Nursery Footstool - Silver.
                    </p>
                    <div
                      className="makeStyles-priceContainer-289"
                    >
                      <span
                        className="makeStyles-price-290"
                      >
                         
                        £149.00
                      </span>
                    </div>
                  </div>
                </div>
              </div>
              <div
                className="MuiGrid-root makeStyles-grid-283  MuiGrid-item MuiGrid-grid-xs-12 MuiGrid-grid-sm-4 MuiGrid-grid-md-4"
              >
                <div
                  className="makeStyles-card-291 makeStyles-cardPlain-292 makeStyles-cardProduct-299"
                >
                  <div
                    className="makeStyles-cardHeader-306 makeStyles-cardHeaderImage-308 makeStyles-noShadow-309"
                  >
                    <a
                      href="https://www.amazon.co.uk/VAVA-Charging-Rechargeable-Bedside-Breastfeeding/dp/B07JNHJFVP"
                      rel="noopener noreferrer"
                      target="_blank"
                    >
                      <img
                        alt=".."
                        className="makeStyles-productImage-286"
                        src="https://images-na.ssl-images-amazon.com/images/I/51g9pQ1epjL._SX522_.jpg"
                      />
                    </a>
                  </div>
                  <div
                    className="makeStyles-cardBody-318 makeStyles-cardBodyPlain-320"
                  >
                    <a
                      href="https://www.amazon.co.uk/VAVA-Charging-Rechargeable-Bedside-Breastfeeding/dp/B07JNHJFVP"
                      rel="noopener noreferrer"
                      target="_blank"
                    >
                      <h4
                        className="makeStyles-cardTitle-287"
                      >
                        VAVA
                      </h4>
                    </a>
                    <p
                      className="makeStyles-description-288"
                    >
                      VAVA Night Lights for Kids with Stable Charging Pad, Rechargeable Bedside Table Lamp for Breastfeeding.
                    </p>
                    <div
                      className="makeStyles-priceContainer-289"
                    >
                      <span
                        className="makeStyles-price-290"
                      >
                         
                        £19.99
                      </span>
                    </div>
                  </div>
                </div>
              </div>
              <div
                className="MuiGrid-root makeStyles-grid-283  MuiGrid-item MuiGrid-grid-xs-12 MuiGrid-grid-sm-4 MuiGrid-grid-md-4"
              >
                <div
                  className="makeStyles-card-291 makeStyles-cardPlain-292 makeStyles-cardProduct-299"
                >
                  <div
                    className="makeStyles-cardHeader-306 makeStyles-cardHeaderImage-308 makeStyles-noShadow-309"
                  >
                    <a
                      href="https://www.amazon.co.uk/Company-Groegg-Colour-Changing-Thermometer/dp/B002B55BN8"
                      rel="noopener noreferrer"
                      target="_blank"
                    >
                      <img
                        alt=".."
                        className="makeStyles-productImage-286"
                        src="https://images-na.ssl-images-amazon.com/images/I/71-jBXjqKLL._SY450_.jpg"
                      />
                    </a>
                  </div>
                  <div
                    className="makeStyles-cardBody-318 makeStyles-cardBodyPlain-320"
                  >
                    <a
                      href="https://www.amazon.co.uk/Company-Groegg-Colour-Changing-Thermometer/dp/B002B55BN8"
                      rel="noopener noreferrer"
                      target="_blank"
                    >
                      <h4
                        className="makeStyles-cardTitle-287"
                      >
                        The Gro Company
                      </h4>
                    </a>
                    <p
                      className="makeStyles-description-288"
                    >
                      The Gro Company Groegg Colour Changing Room Thermometer.
                    </p>
                    <div
                      className="makeStyles-priceContainer-289"
                    >
                      <span
                        className="makeStyles-price-290"
                      >
                         
                        £13.00
                      </span>
                    </div>
                  </div>
                </div>
              </div>
              <div
                className="MuiGrid-root makeStyles-grid-283  MuiGrid-item MuiGrid-grid-xs-12 MuiGrid-grid-sm-4 MuiGrid-grid-md-4"
              >
                <div
                  className="makeStyles-card-291 makeStyles-cardPlain-292 makeStyles-cardProduct-299"
                >
                  <div
                    className="makeStyles-cardHeader-306 makeStyles-cardHeaderImage-308 makeStyles-noShadow-309"
                  >
                    <a
                      href="https://www.amazon.co.uk/dp/B01N9OOA7H"
                      rel="noopener noreferrer"
                      target="_blank"
                    >
                      <img
                        alt=".."
                        className="makeStyles-productImage-286"
                        src="https://images-na.ssl-images-amazon.com/images/I/51fwG6RjhbL._SX355_.jpg"
                      />
                    </a>
                  </div>
                  <div
                    className="makeStyles-cardBody-318 makeStyles-cardBodyPlain-320"
                  >
                    <a
                      href="https://www.amazon.co.uk/dp/B01N9OOA7H"
                      rel="noopener noreferrer"
                      target="_blank"
                    >
                      <h4
                        className="makeStyles-cardTitle-287"
                      >
                        BT
                      </h4>
                    </a>
                    <p
                      className="makeStyles-description-288"
                    >
                      BT Digital Audio Baby Monitor 450 Lightshow
                    </p>
                    <div
                      className="makeStyles-priceContainer-289"
                    >
                      <span
                        className="makeStyles-price-290"
                      >
                         
                        £34.99
                      </span>
                    </div>
                  </div>
                </div>
              </div>
              <div
                className="MuiGrid-root makeStyles-grid-283  MuiGrid-item MuiGrid-grid-xs-12 MuiGrid-grid-sm-4 MuiGrid-grid-md-4"
              >
                <div
                  className="makeStyles-card-291 makeStyles-cardPlain-292 makeStyles-cardProduct-299"
                >
                  <div
                    className="makeStyles-cardHeader-306 makeStyles-cardHeaderImage-308 makeStyles-noShadow-309"
                  >
                    <a
                      href="https://www.amazon.co.uk/HELLO-BABY-Wireless-Temperature-Monitoring/dp/B071FJPY7G"
                      rel="noopener noreferrer"
                      target="_blank"
                    >
                      <img
                        alt=".."
                        className="makeStyles-productImage-286"
                        src="https://images-na.ssl-images-amazon.com/images/I/71eBwZ%2BSfeL._SY355_.jpg"
                      />
                    </a>
                  </div>
                  <div
                    className="makeStyles-cardBody-318 makeStyles-cardBodyPlain-320"
                  >
                    <a
                      href="https://www.amazon.co.uk/HELLO-BABY-Wireless-Temperature-Monitoring/dp/B071FJPY7G"
                      rel="noopener noreferrer"
                      target="_blank"
                    >
                      <h4
                        className="makeStyles-cardTitle-287"
                      >
                        HELLO BABY
                      </h4>
                    </a>
                    <p
                      className="makeStyles-description-288"
                    >
                      HELLO BABY Wireless Video Baby Monitor with Digital Camera, Night Vision Temperature Monitoring & 2 Way Talkback System, White
                    </p>
                    <div
                      className="makeStyles-priceContainer-289"
                    >
                      <span
                        className="makeStyles-price-290"
                      >
                         
                        £89.99
                      </span>
                    </div>
                  </div>
                </div>
              </div>
            </div>
            <br />
          </div>
        </div>
      </div>
    </div>
  </div>
  <div
    className="makeStyles-sectionSimilarLists-326"
  >
    <div
      className="makeStyles-container-325"
    >
      <div
        className="MuiGrid-root makeStyles-grid-179  MuiGrid-container"
      >
        <div
          className="MuiGrid-root makeStyles-grid-283  MuiGrid-item MuiGrid-grid-md-12"
        >
          <h2
            className="makeStyles-title-328 makeStyles-textCenter-327"
          >
            Similar Articles
          </h2>
          <br />
          <div
            className="MuiGrid-root makeStyles-grid-179  MuiGrid-container"
          >
            <div
              className="MuiGrid-root makeStyles-grid-283  MuiGrid-item MuiGrid-grid-xs-12 MuiGrid-grid-sm-4 MuiGrid-grid-md-4"
            >
              <div
                className="makeStyles-card-291 makeStyles-cardBlog-294"
              >
                <div
                  className="makeStyles-cardHeader-306 makeStyles-cardHeaderImage-308"
                >
                  <a
                    href="/listideas/travelgear"
                  >
                    <img
                      alt="..."
                      className="makeStyles-listImage-332"
                      src="travelgear.jpg"
                    />
                  </a>
                  <div
                    className="makeStyles-coloredShadow-330"
                    style={
                      Object {
                        "backgroundImage": "url(travelgear.jpg)",
                        "opacity": "1",
                      }
                    }
                  />
                </div>
                <div
                  className="makeStyles-cardBody-318"
                >
                  <div
                    className="makeStyles-defaultFontStyle-333 makeStyles-infoText-340"
                  >
                    <h6>
                      TRAVEL
                    </h6>
                  </div>
                  <h4
                    className="makeStyles-cardTitle-329"
                  >
                    <a
                      href="/listideas/travelgear"
                    >
                      Travel Gear
                    </a>
                  </h4>
                  <p
                    className="makeStyles-description-331"
                  >
                    Our favourite buggies, travel cots and other gear which make travelling with your little ones hassle free.
                    <a
                      href="/listideas/travelgear"
                    >
                       Read Article 
                    </a>
                  </p>
                </div>
              </div>
            </div>
            <div
              className="MuiGrid-root makeStyles-grid-283  MuiGrid-item MuiGrid-grid-xs-12 MuiGrid-grid-sm-4 MuiGrid-grid-md-4"
            >
              <div
                className="makeStyles-card-291 makeStyles-cardBlog-294"
              >
                <div
                  className="makeStyles-cardHeader-306 makeStyles-cardHeaderImage-308"
                >
                  <a
                    href="/listideas/hospitalbag"
                  >
                    <img
                      alt="..."
                      className="makeStyles-listImage-332"
                      src="hospitalbag.jpg"
                    />
                  </a>
                  <div
                    className="makeStyles-coloredShadow-330"
                    style={
                      Object {
                        "backgroundImage": "url(hospitalbag.jpg)",
                        "opacity": "1",
                      }
                    }
                  />
                </div>
                <div
                  className="makeStyles-cardBody-318"
                >
                  <div
                    className="makeStyles-defaultFontStyle-333 makeStyles-infoText-340"
                  >
                    <h6>
                      MATERNITY
                    </h6>
                  </div>
                  <h4
                    className="makeStyles-cardTitle-329"
                  >
                    <a
                      href="/listideas/hospitalbag"
                    >
                      Hospital Bag
                    </a>
                  </h4>
                  <p
                    className="makeStyles-description-331"
                  >
                    Make sure you're all set with everything you need for the all important hospital bag.
                    <a
                      href="/listideas/hospitalbag"
                    >
                       Read Article 
                    </a>
                  </p>
                </div>
              </div>
            </div>
            <div
              className="MuiGrid-root makeStyles-grid-283  MuiGrid-item MuiGrid-grid-xs-12 MuiGrid-grid-sm-4 MuiGrid-grid-md-4"
            >
              <div
                className="makeStyles-card-291 makeStyles-cardBlog-294"
              >
                <div
                  className="makeStyles-cardHeader-306 makeStyles-cardHeaderImage-308"
                >
                  <a
                    href="/listideas/bathtime"
                  >
                    <img
                      alt="..."
                      className="makeStyles-listImage-332"
                      src="bathtime.jpg"
                    />
                  </a>
                  <div
                    className="makeStyles-coloredShadow-330"
                    style={
                      Object {
                        "backgroundImage": "url(bathtime.jpg)",
                        "opacity": "1",
                      }
                    }
                  />
                </div>
                <div
                  className="makeStyles-cardBody-318"
                >
                  <div
                    className="makeStyles-defaultFontStyle-333 makeStyles-infoText-340"
                  >
                    <h6>
                      BABY
                    </h6>
                  </div>
                  <h4
                    className="makeStyles-cardTitle-329"
                  >
                    <a
                      href="/listideas/bathtime"
                    >
                      Bath Time
                    </a>
                  </h4>
                  <p
                    className="makeStyles-description-331"
                  >
                    Everything you need when bathing your baby.
                    <a
                      href="/listideas/bathtime"
                    >
                       Read Article 
                    </a>
                  </p>
                </div>
              </div>
            </div>
          </div>
        </div>
      </div>
    </div>
  </div>
  <div>
    <footer
      className="makeStyles-footer-355 makeStyles-dark-359 makeStyles-big-356"
    >
      <div
        className="makeStyles-container-361"
      >
        <div>
          <div
            className="makeStyles-content-357"
          >
            <div
              className="MuiGrid-root makeStyles-grid-179  MuiGrid-container"
            >
              <div
                className="MuiGrid-root makeStyles-grid-283  MuiGrid-item MuiGrid-grid-xs-12 MuiGrid-grid-sm-8 MuiGrid-grid-md-8"
              >
                <h4
                  id="about"
                >
                  About Us
                </h4>
                <p>
                  Ewelists is an online gift list tool, focused on helping new and expectant parents. Our goal is simple, to make creating a gift list for your little one's special occasion, such as baby shower, first birthday or Christmas faster and easier.
                   
                </p>
                <p>
                  We started by building the tool we would want to use, but would also love to hear your ideas. If you have any suggestions please contact us!
                   
                </p>
              </div>
              <div
                className="MuiGrid-root makeStyles-grid-283  MuiGrid-item MuiGrid-grid-xs-12 MuiGrid-grid-sm-4 MuiGrid-grid-md-4"
              >
                <h4>
                  Follow Us
                </h4>
                <ul
                  className="makeStyles-socialButtons-351"
                >
                  <li>
                    <a
                      aria-disabled={false}
                      className="MuiButtonBase-root MuiButton-root MuiButton-text makeStyles-button-372 makeStyles-facebook-383 makeStyles-simple-394 makeStyles-justIcon-402"
                      href="https://www.facebook.com/ewelists"
                      onBlur={[Function]}
                      onDragLeave={[Function]}
                      onFocus={[Function]}
                      onKeyDown={[Function]}
                      onKeyUp={[Function]}
                      onMouseDown={[Function]}
                      onMouseLeave={[Function]}
                      onMouseUp={[Function]}
                      onTouchEnd={[Function]}
                      onTouchMove={[Function]}
                      onTouchStart={[Function]}
                      tabIndex={0}
                      target="_blank"
                    >
                      <span
                        className="MuiButton-label"
                      >
                        <i
                          className="fab fa-facebook-square"
                        />
                      </span>
                      <span
                        className="MuiTouchRipple-root"
                      />
                    </a>
                  </li>
                  <li>
                    <a
                      aria-disabled={false}
                      className="MuiButtonBase-root MuiButton-root MuiButton-text makeStyles-button-372 makeStyles-twitter-382 makeStyles-simple-394 makeStyles-justIcon-402"
                      href="https://twitter.com/ewelists"
                      onBlur={[Function]}
                      onDragLeave={[Function]}
                      onFocus={[Function]}
                      onKeyDown={[Function]}
                      onKeyUp={[Function]}
                      onMouseDown={[Function]}
                      onMouseLeave={[Function]}
                      onMouseUp={[Function]}
                      onTouchEnd={[Function]}
                      onTouchMove={[Function]}
                      onTouchStart={[Function]}
                      tabIndex={0}
                      target="_blank"
                    >
                      <span
                        className="MuiButton-label"
                      >
                        <i
                          className="fab fa-twitter"
                        />
                      </span>
                      <span
                        className="MuiTouchRipple-root"
                      />
                    </a>
                  </li>
                  <li>
                    <a
                      aria-disabled={false}
                      className="MuiButtonBase-root MuiButton-root MuiButton-text makeStyles-button-372 makeStyles-instagram-393 makeStyles-simple-394 makeStyles-justIcon-402"
                      href="https://www.instagram.com/ewelists/"
                      onBlur={[Function]}
                      onDragLeave={[Function]}
                      onFocus={[Function]}
                      onKeyDown={[Function]}
                      onKeyUp={[Function]}
                      onMouseDown={[Function]}
                      onMouseLeave={[Function]}
                      onMouseUp={[Function]}
                      onTouchEnd={[Function]}
                      onTouchMove={[Function]}
                      onTouchStart={[Function]}
                      tabIndex={0}
                      target="_blank"
                    >
                      <span
                        className="MuiButton-label"
                      >
                        <i
                          className="fab fa-instagram"
                        />
                      </span>
                      <span
                        className="MuiTouchRipple-root"
                      />
                    </a>
                  </li>
                </ul>
              </div>
            </div>
          </div>
          <hr />
        </div>
        <div>
          <div
            className="makeStyles-left-349"
          >
            <ul
              className="MuiList-root makeStyles-list-348 MuiList-padding"
            >
              <li
                className="MuiListItem-root makeStyles-inlineBlock-347 MuiListItem-gutters"
                disabled={false}
              >
                <a
                  className="makeStyles-block-346"
                  href="/contact"
                >
                  Contact Us
                </a>
              </li>
              <li
                className="MuiListItem-root makeStyles-inlineBlock-347 MuiListItem-gutters"
                disabled={false}
              >
                <a
                  className="makeStyles-block-346"
                  href="/#about"
                >
                  About us
                </a>
              </li>
              <li
                className="MuiListItem-root makeStyles-inlineBlock-347 MuiListItem-gutters"
                disabled={false}
              >
                <a
                  className="makeStyles-block-346"
                  href="/privacy"
                >
                  Privacy
                </a>
              </li>
              <li
                className="MuiListItem-root makeStyles-inlineBlock-347 MuiListItem-gutters"
                disabled={false}
              >
                <a
                  className="makeStyles-block-346"
                  href="/terms"
                >
                  Terms
                </a>
              </li>
            </ul>
          </div>
          <div
            className="makeStyles-right-350"
          >
            © 
            2020
             ewelists
          </div>
        </div>
        <div
          className="makeStyles-clearFix-371"
        />
      </div>
    </footer>
  </div>
</div>
`;
